Archive member included because of file (symbol)

c:/users/forge-15r/dave-ide-4.4.2-64bit/eclipse/arm-gcc-49/bin/../lib/gcc/arm-none-eabi/4.9.3/../../../../arm-none-eabi/lib/armv7e-m/softfp\libg_nano.a(lib_a-errno.o)
                              ./Libraries/Newlib/syscalls.o (__errno)
c:/users/forge-15r/dave-ide-4.4.2-64bit/eclipse/arm-gcc-49/bin/../lib/gcc/arm-none-eabi/4.9.3/../../../../arm-none-eabi/lib/armv7e-m/softfp\libg_nano.a(lib_a-impure.o)
                              c:/users/forge-15r/dave-ide-4.4.2-64bit/eclipse/arm-gcc-49/bin/../lib/gcc/arm-none-eabi/4.9.3/../../../../arm-none-eabi/lib/armv7e-m/softfp\libg_nano.a(lib_a-errno.o) (_impure_ptr)
c:/users/forge-15r/dave-ide-4.4.2-64bit/eclipse/arm-gcc-49/bin/../lib/gcc/arm-none-eabi/4.9.3/../../../../arm-none-eabi/lib/armv7e-m/softfp\libg_nano.a(lib_a-init.o)
                              ./Startup/startup_XMC4200.o (__libc_init_array)
c:/users/forge-15r/dave-ide-4.4.2-64bit/eclipse/arm-gcc-49/bin/../lib/gcc/arm-none-eabi/4.9.3/../../../../arm-none-eabi/lib/armv7e-m/softfp\libg_nano.a(lib_a-malloc.o)
                              ./Dave/Generated/FREERTOS/heap.o (malloc)
c:/users/forge-15r/dave-ide-4.4.2-64bit/eclipse/arm-gcc-49/bin/../lib/gcc/arm-none-eabi/4.9.3/../../../../arm-none-eabi/lib/armv7e-m/softfp\libg_nano.a(lib_a-memcpy.o)
                              ./Libraries/XMCLib/src/xmc_usbd.o (memcpy)
c:/users/forge-15r/dave-ide-4.4.2-64bit/eclipse/arm-gcc-49/bin/../lib/gcc/arm-none-eabi/4.9.3/../../../../arm-none-eabi/lib/armv7e-m/softfp\libg_nano.a(lib_a-memset.o)
                              ./Libraries/XMCLib/src/xmc_usbd.o (memset)
c:/users/forge-15r/dave-ide-4.4.2-64bit/eclipse/arm-gcc-49/bin/../lib/gcc/arm-none-eabi/4.9.3/../../../../arm-none-eabi/lib/armv7e-m/softfp\libg_nano.a(lib_a-nano-freer.o)
                              c:/users/forge-15r/dave-ide-4.4.2-64bit/eclipse/arm-gcc-49/bin/../lib/gcc/arm-none-eabi/4.9.3/../../../../arm-none-eabi/lib/armv7e-m/softfp\libg_nano.a(lib_a-malloc.o) (_free_r)
c:/users/forge-15r/dave-ide-4.4.2-64bit/eclipse/arm-gcc-49/bin/../lib/gcc/arm-none-eabi/4.9.3/../../../../arm-none-eabi/lib/armv7e-m/softfp\libg_nano.a(lib_a-nano-mallocr.o)
                              c:/users/forge-15r/dave-ide-4.4.2-64bit/eclipse/arm-gcc-49/bin/../lib/gcc/arm-none-eabi/4.9.3/../../../../arm-none-eabi/lib/armv7e-m/softfp\libg_nano.a(lib_a-malloc.o) (_malloc_r)
c:/users/forge-15r/dave-ide-4.4.2-64bit/eclipse/arm-gcc-49/bin/../lib/gcc/arm-none-eabi/4.9.3/../../../../arm-none-eabi/lib/armv7e-m/softfp\libg_nano.a(lib_a-sbrkr.o)
                              c:/users/forge-15r/dave-ide-4.4.2-64bit/eclipse/arm-gcc-49/bin/../lib/gcc/arm-none-eabi/4.9.3/../../../../arm-none-eabi/lib/armv7e-m/softfp\libg_nano.a(lib_a-nano-mallocr.o) (_sbrk_r)
c:/users/forge-15r/dave-ide-4.4.2-64bit/eclipse/arm-gcc-49/bin/../lib/gcc/arm-none-eabi/4.9.3/../../../../arm-none-eabi/lib/armv7e-m/softfp\libg_nano.a(lib_a-sprintf.o)
                              ./Dave/Generated/FREERTOS/tasks.o (sprintf)
c:/users/forge-15r/dave-ide-4.4.2-64bit/eclipse/arm-gcc-49/bin/../lib/gcc/arm-none-eabi/4.9.3/../../../../arm-none-eabi/lib/armv7e-m/softfp\libg_nano.a(lib_a-strcpy.o)
                              ./Dave/Generated/FREERTOS/tasks.o (strcpy)
c:/users/forge-15r/dave-ide-4.4.2-64bit/eclipse/arm-gcc-49/bin/../lib/gcc/arm-none-eabi/4.9.3/../../../../arm-none-eabi/lib/armv7e-m/softfp\libg_nano.a(lib_a-strlen.o)
                              ./Dave/Generated/FREERTOS/tasks.o (strlen)
c:/users/forge-15r/dave-ide-4.4.2-64bit/eclipse/arm-gcc-49/bin/../lib/gcc/arm-none-eabi/4.9.3/../../../../arm-none-eabi/lib/armv7e-m/softfp\libg_nano.a(lib_a-nano-svfprintf.o)
                              c:/users/forge-15r/dave-ide-4.4.2-64bit/eclipse/arm-gcc-49/bin/../lib/gcc/arm-none-eabi/4.9.3/../../../../arm-none-eabi/lib/armv7e-m/softfp\libg_nano.a(lib_a-sprintf.o) (_svfprintf_r)
c:/users/forge-15r/dave-ide-4.4.2-64bit/eclipse/arm-gcc-49/bin/../lib/gcc/arm-none-eabi/4.9.3/../../../../arm-none-eabi/lib/armv7e-m/softfp\libg_nano.a(lib_a-nano-vfprintf_i.o)
                              c:/users/forge-15r/dave-ide-4.4.2-64bit/eclipse/arm-gcc-49/bin/../lib/gcc/arm-none-eabi/4.9.3/../../../../arm-none-eabi/lib/armv7e-m/softfp\libg_nano.a(lib_a-nano-svfprintf.o) (_printf_i)
c:/users/forge-15r/dave-ide-4.4.2-64bit/eclipse/arm-gcc-49/bin/../lib/gcc/arm-none-eabi/4.9.3/../../../../arm-none-eabi/lib/armv7e-m/softfp\libg_nano.a(lib_a-reent.o)
                              c:/users/forge-15r/dave-ide-4.4.2-64bit/eclipse/arm-gcc-49/bin/../lib/gcc/arm-none-eabi/4.9.3/../../../../arm-none-eabi/lib/armv7e-m/softfp\libg_nano.a(lib_a-sbrkr.o) (errno)
c:/users/forge-15r/dave-ide-4.4.2-64bit/eclipse/arm-gcc-49/bin/../lib/gcc/arm-none-eabi/4.9.3/../../../../arm-none-eabi/lib/armv7e-m/softfp\libg_nano.a(lib_a-memchr.o)
[...]
Memory Configuration

Name             Origin             Length             Attributes
FLASH_1_cached   0x08000000         0x00040000         xr
FLASH_1_uncached 0x0c000000         0x00040000         xr
PSRAM_1          0x1fffc000         0x00004000         !xr
DSRAM_1_system   0x20000000         0x00006000         !xr
SRAM_combined    0x1fffc000         0x0000a000         !xr
*default*        0x00000000         0xffffffff

Linker script and memory map

LOAD ./ext_lib/base.o
LOAD ./ext_lib/tle94112el.o
LOAD ./Startup/startup_XMC4200.o
LOAD ./Startup/system_XMC4200.o
LOAD ./Libraries/XMCLib/src/xmc4_eru.o
LOAD ./Libraries/XMCLib/src/xmc4_flash.o
LOAD ./Libraries/XMCLib/src/xmc4_gpio.o
LOAD ./Libraries/XMCLib/src/xmc4_rtc.o
LOAD ./Libraries/XMCLib/src/xmc4_scu.o
LOAD ./Libraries/XMCLib/src/xmc_can.o
LOAD ./Libraries/XMCLib/src/xmc_ccu4.o
LOAD ./Libraries/XMCLib/src/xmc_ccu8.o
LOAD ./Libraries/XMCLib/src/xmc_common.o
LOAD ./Libraries/XMCLib/src/xmc_dac.o
LOAD ./Libraries/XMCLib/src/xmc_dma.o
LOAD ./Libraries/XMCLib/src/xmc_dsd.o
LOAD ./Libraries/XMCLib/src/xmc_ebu.o
LOAD ./Libraries/XMCLib/src/xmc_ecat.o
LOAD ./Libraries/XMCLib/src/xmc_eru.o
LOAD ./Libraries/XMCLib/src/xmc_eth_mac.o
LOAD ./Libraries/XMCLib/src/xmc_eth_phy_dp83848.o
LOAD ./Libraries/XMCLib/src/xmc_eth_phy_ksz8031rnl.o
LOAD ./Libraries/XMCLib/src/xmc_eth_phy_ksz8081rnb.o
LOAD ./Libraries/XMCLib/src/xmc_fce.o
LOAD ./Libraries/XMCLib/src/xmc_gpio.o
LOAD ./Libraries/XMCLib/src/xmc_hrpwm.o
LOAD ./Libraries/XMCLib/src/xmc_i2c.o
LOAD ./Libraries/XMCLib/src/xmc_i2s.o
LOAD ./Libraries/XMCLib/src/xmc_ledts.o
LOAD ./Libraries/XMCLib/src/xmc_posif.o
LOAD ./Libraries/XMCLib/src/xmc_rtc.o
LOAD ./Libraries/XMCLib/src/xmc_sdmmc.o
LOAD ./Libraries/XMCLib/src/xmc_spi.o
LOAD ./Libraries/XMCLib/src/xmc_uart.o
LOAD ./Libraries/XMCLib/src/xmc_usbd.o
LOAD ./Libraries/XMCLib/src/xmc_usbh.o
LOAD ./Libraries/XMCLib/src/xmc_usic.o
LOAD ./Libraries/XMCLib/src/xmc_vadc.o
LOAD ./Libraries/XMCLib/src/xmc_wdt.o
LOAD ./Libraries/Newlib/syscalls.o
LOAD ./Dave/Generated/SPI_MASTER/spi_master.o
LOAD ./Dave/Generated/SPI_MASTER/spi_master_conf.o
LOAD ./Dave/Generated/PWM/pwm.o
LOAD ./Dave/Generated/PWM/pwm_conf.o
LOAD ./Dave/Generated/PIN_INTERRUPT/pin_interrupt.o
LOAD ./Dave/Generated/PIN_INTERRUPT/pin_interrupt_conf.o
LOAD ./Dave/Generated/GLOBAL_CCU8/global_ccu8.o
LOAD ./Dave/Generated/GLOBAL_CCU8/global_ccu8_conf.o
LOAD ./Dave/Generated/GLOBAL_CCU4/global_ccu4.o
LOAD ./Dave/Generated/GLOBAL_CCU4/global_ccu4_conf.o
LOAD ./Dave/Generated/FREERTOS/portable/Keil/port.o
LOAD ./Dave/Generated/FREERTOS/portable/IAR/port.o
LOAD ./Dave/Generated/FREERTOS/portable/IAR/portasm.o
LOAD ./Dave/Generated/FREERTOS/portable/GCC/port.o
LOAD ./Dave/Generated/FREERTOS/croutine.o
LOAD ./Dave/Generated/FREERTOS/event_groups.o
LOAD ./Dave/Generated/FREERTOS/freertos.o
LOAD ./Dave/Generated/FREERTOS/heap.o
LOAD ./Dave/Generated/FREERTOS/list.o
LOAD ./Dave/Generated/FREERTOS/mpu_wrappers.o
LOAD ./Dave/Generated/FREERTOS/queue.o
LOAD ./Dave/Generated/FREERTOS/stream_buffer.o
LOAD ./Dave/Generated/FREERTOS/tasks.o
LOAD ./Dave/Generated/FREERTOS/timers.o
LOAD ./Dave/Generated/DIGITAL_IO/digital_io.o
LOAD ./Dave/Generated/DIGITAL_IO/digital_io_conf.o
LOAD ./Dave/Generated/CPU_CTRL_XMC4/cpu_ctrl_xmc4.o
LOAD ./Dave/Generated/CPU_CTRL_XMC4/cpu_ctrl_xmc4_conf.o
LOAD ./Dave/Generated/CLOCK_XMC4/clock_xmc4.o
LOAD ./Dave/Generated/CLOCK_XMC4/clock_xmc4_conf.o
LOAD ./Dave/Generated/BUS_IO/bus_io.o
LOAD ./Dave/Generated/BUS_IO/bus_io_conf.o
LOAD ./Dave/Generated/DAVE.o
LOAD ./main.o
LOAD c:/users/forge-15r/dave-ide-4.4.2-64bit/eclipse/arm-gcc-49/bin/../lib/gcc/arm-none-eabi/4.9.3/../../../../arm-none-eabi/lib/armv7e-m/softfp\libm.a
START GROUP
LOAD c:/users/forge-15r/dave-ide-4.4.2-64bit/eclipse/arm-gcc-49/bin/../lib/gcc/arm-none-eabi/4.9.3/armv7e-m/softfp\libgcc.a
LOAD c:/users/forge-15r/dave-ide-4.4.2-64bit/eclipse/arm-gcc-49/bin/../lib/gcc/arm-none-eabi/4.9.3/../../../../arm-none-eabi/lib/armv7e-m/softfp\libg_nano.a
LOAD c:/users/forge-15r/dave-ide-4.4.2-64bit/eclipse/arm-gcc-49/bin/../lib/gcc/arm-none-eabi/4.9.3/../../../../arm-none-eabi/lib/armv7e-m/softfp\libc_nano.a
END GROUP
START GROUP
LOAD c:/users/forge-15r/dave-ide-4.4.2-64bit/eclipse/arm-gcc-49/bin/../lib/gcc/arm-none-eabi/4.9.3/armv7e-m/softfp\libgcc.a
LOAD c:/users/forge-15r/dave-ide-4.4.2-64bit/eclipse/arm-gcc-49/bin/../lib/gcc/arm-none-eabi/4.9.3/../../../../arm-none-eabi/lib/armv7e-m/softfp\libc_nano.a
LOAD c:/users/forge-15r/dave-ide-4.4.2-64bit/eclipse/arm-gcc-49/bin/../lib/gcc/arm-none-eabi/4.9.3/../../../../arm-none-eabi/lib/armv7e-m/softfp\libnosys.a
END GROUP
START GROUP
LOAD c:/users/forge-15r/dave-ide-4.4.2-64bit/eclipse/arm-gcc-49/bin/../lib/gcc/arm-none-eabi/4.9.3/armv7e-m/softfp\libgcc.a
LOAD c:/users/forge-15r/dave-ide-4.4.2-64bit/eclipse/arm-gcc-49/bin/../lib/gcc/arm-none-eabi/4.9.3/../../../../arm-none-eabi/lib/armv7e-m/softfp\libc_nano.a
LOAD c:/users/forge-15r/dave-ide-4.4.2-64bit/eclipse/arm-gcc-49/bin/../lib/gcc/arm-none-eabi/4.9.3/../../../../arm-none-eabi/lib/armv7e-m/softfp\libnosys.a
END GROUP
                0x00000800                stack_size = DEFINED (stack_size)?stack_size:0x800
                0x00000040                no_init_size = 0x40

.text           0x08000000     0x7030 load address 0x0c000000
                0x08000000                sText = .
 *(.reset)
 .reset         0x08000000      0x294 ./Startup/startup_XMC4200.o
                0x08000000                __Vectors
                0x08000200                Reset_Handler
                0x08000290                DebugMon_Handler
                0x08000290                VADC0_C0_0_IRQHandler
                0x08000290                CAN0_4_IRQHandler
                0x08000290                USIC0_5_IRQHandler
                0x08000290                POSIF0_0_IRQHandler
                0x08000290                HardFault_Handler
                0x08000290                VADC0_G1_1_IRQHandler
                0x08000290                NMI_Handler
                0x08000290                USIC1_3_IRQHandler
                0x08000290                CCU40_2_IRQHandler
                0x08000290                SCU_0_IRQHandler
                0x08000290                CCU41_0_IRQHandler
                0x08000290                USIC1_5_IRQHandler
                0x08000290                CCU80_1_IRQHandler
                0x08000290                HRPWM_0_IRQHandler
                0x08000290                HRPWM_1_IRQHandler
                0x08000290                UsageFault_Handler
                0x08000290                USIC0_0_IRQHandler
                0x08000290                ERU1_1_IRQHandler
                0x08000290                VADC0_C0_3_IRQHandler
                0x08000290                CAN0_6_IRQHandler
                0x08000290                VADC0_G0_1_IRQHandler
                0x08000290                CCU40_0_IRQHandler
                0x08000290                CAN0_0_IRQHandler
                0x08000290                HRPWM_3_IRQHandler
                0x08000290                Default_Handler
                0x08000290                USIC1_4_IRQHandler
                0x08000290                ERU1_3_IRQHandler
                0x08000290                POSIF0_1_IRQHandler
                0x08000290                VADC0_G0_0_IRQHandler
                0x08000290                CCU80_3_IRQHandler
                0x08000290                CCU41_3_IRQHandler
                0x08000290                CCU80_2_IRQHandler
                0x08000290                VADC0_G1_3_IRQHandler
                0x08000290                VADC0_G0_3_IRQHandler
                0x08000290                GPDMA0_0_IRQHandler
                0x08000290                PMU0_0_IRQHandler
                0x08000290                CAN0_7_IRQHandler
                0x08000290                CCU41_2_IRQHandler
                0x08000290                VADC0_C0_1_IRQHandler
                0x08000290                MemManage_Handler
                0x08000290                DAC0_0_IRQHandler
                0x08000290                ERU1_2_IRQHandler
                0x08000290                CCU41_1_IRQHandler
                0x08000290                VADC0_G1_2_IRQHandler
                0x08000290                CAN0_2_IRQHandler
                0x08000290                VADC0_G0_2_IRQHandler
                0x08000290                CAN0_3_IRQHandler
                0x08000290                USIC0_3_IRQHandler
                0x08000290                HRPWM_2_IRQHandler
                0x08000290                VADC0_C0_2_IRQHandler
                0x08000290                FCE0_0_IRQHandler
                0x08000290                VADC0_G1_0_IRQHandler
                0x08000290                USB0_0_IRQHandler
                0x08000290                CAN0_5_IRQHandler
                0x08000290                CCU80_0_IRQHandler
                0x08000290                CCU40_1_IRQHandler
                0x08000290                USIC0_1_IRQHandler
                0x08000290                CCU40_3_IRQHandler
                0x08000290                BusFault_Handler
                0x08000290                LEDTS0_0_IRQHandler
                0x08000290                USIC0_4_IRQHandler
                0x08000290                ERU0_1_IRQHandler
                0x08000290                USIC1_2_IRQHandler
                0x08000290                CAN0_1_IRQHandler
                0x08000290                USIC0_2_IRQHandler
                0x08000290                DAC0_1_IRQHandler
 *(.text .text.* .gnu.linkonce.t.*)
 .text.TLE94112EL_SetHBRegdata
                0x08000294       0x58 ./ext_lib/base.o
                0x08000294                TLE94112EL_SetHBRegdata
 .text.TLE94112EL_Enable
                0x080002ec       0x18 ./ext_lib/tle94112el.o
                0x080002ec                TLE94112EL_Enable
 .text.SystemInit
                0x08000304       0x34 ./Startup/system_XMC4200.o
                0x08000304                SystemInit
 .text.SystemCoreClockUpdate
                0x08000338       0xd4 ./Startup/system_XMC4200.o
                0x08000338                SystemCoreClockUpdate
 .text.XMC_ERU_Enable
                0x0800040c       0x2c ./Libraries/XMCLib/src/xmc4_eru.o
                0x0800040c                XMC_ERU_Enable
 .text.XMC_GPIO_Init
                0x08000438      0x140 ./Libraries/XMCLib/src/xmc4_gpio.o
                0x08000438                XMC_GPIO_Init
 .text.XMC_SCU_CLOCK_GetCpuClockFrequency
                0x08000578       0x18 ./Libraries/XMCLib/src/xmc4_scu.o
 .text.XMC_SCU_GetMirrorStatus
                0x08000590       0x18 ./Libraries/XMCLib/src/xmc4_scu.o
 .text.XMC_SCU_lDelay
                0x080005a8       0x44 ./Libraries/XMCLib/src/xmc4_scu.o
 .text.XMC_SCU_INTERUPT_GetEventStatus
                0x080005ec       0x18 ./Libraries/XMCLib/src/xmc4_scu.o
                0x080005ec                XMC_SCU_INTERUPT_GetEventStatus
 .text.XMC_SCU_INTERRUPT_ClearEventStatus
                0x08000604       0x1c ./Libraries/XMCLib/src/xmc4_scu.o
                0x08000604                XMC_SCU_INTERRUPT_ClearEventStatus
 .text.XMC_SCU_CLOCK_Init
                0x08000620       0xec ./Libraries/XMCLib/src/xmc4_scu.o
                0x08000620                XMC_SCU_CLOCK_Init
 .text.XMC_SCU_RESET_DeassertPeripheralReset
                0x0800070c       0x38 ./Libraries/XMCLib/src/xmc4_scu.o
                0x0800070c                XMC_SCU_RESET_DeassertPeripheralReset
 .text.XMC_SCU_RESET_IsPeripheralResetAsserted
                0x08000744       0x48 ./Libraries/XMCLib/src/xmc4_scu.o
                0x08000744                XMC_SCU_RESET_IsPeripheralResetAsserted
 .text.XMC_SCU_CLOCK_GetPeripheralClockFrequency
                0x0800078c       0x20 ./Libraries/XMCLib/src/xmc4_scu.o
                0x0800078c                XMC_SCU_CLOCK_GetPeripheralClockFrequency
 .text.XMC_SCU_CLOCK_SetSystemClockSource
                0x080007ac       0x28 ./Libraries/XMCLib/src/xmc4_scu.o
                0x080007ac                XMC_SCU_CLOCK_SetSystemClockSource
 .text.XMC_SCU_CLOCK_SetUsbClockSource
                0x080007d4       0x28 ./Libraries/XMCLib/src/xmc4_scu.o
                0x080007d4                XMC_SCU_CLOCK_SetUsbClockSource
 .text.XMC_SCU_CLOCK_SetWdtClockSource
                0x080007fc       0x28 ./Libraries/XMCLib/src/xmc4_scu.o
                0x080007fc                XMC_SCU_CLOCK_SetWdtClockSource
 .text.XMC_SCU_CLOCK_SetSystemPllClockSource
                0x08000824       0x40 ./Libraries/XMCLib/src/xmc4_scu.o
                0x08000824                XMC_SCU_CLOCK_SetSystemPllClockSource
 .text.XMC_SCU_HIB_SetRtcClockSource
                0x08000864       0x3c ./Libraries/XMCLib/src/xmc4_scu.o
                0x08000864                XMC_SCU_HIB_SetRtcClockSource
 .text.XMC_SCU_HIB_SetStandbyClockSource
                0x080008a0       0x3c ./Libraries/XMCLib/src/xmc4_scu.o
                0x080008a0                XMC_SCU_HIB_SetStandbyClockSource
 .text.XMC_SCU_CLOCK_SetSystemClockDivider
                0x080008dc       0x28 ./Libraries/XMCLib/src/xmc4_scu.o
                0x080008dc                XMC_SCU_CLOCK_SetSystemClockDivider
 .text.XMC_SCU_CLOCK_SetCcuClockDivider
                0x08000904       0x28 ./Libraries/XMCLib/src/xmc4_scu.o
                0x08000904                XMC_SCU_CLOCK_SetCcuClockDivider
 .text.XMC_SCU_CLOCK_SetCpuClockDivider
                0x0800092c       0x28 ./Libraries/XMCLib/src/xmc4_scu.o
                0x0800092c                XMC_SCU_CLOCK_SetCpuClockDivider
 .text.XMC_SCU_CLOCK_SetPeripheralClockDivider
                0x08000954       0x28 ./Libraries/XMCLib/src/xmc4_scu.o
                0x08000954                XMC_SCU_CLOCK_SetPeripheralClockDivider
 .text.XMC_SCU_CLOCK_SetUsbClockDivider
                0x0800097c       0x28 ./Libraries/XMCLib/src/xmc4_scu.o
                0x0800097c                XMC_SCU_CLOCK_SetUsbClockDivider
 .text.XMC_SCU_CLOCK_SetWdtClockDivider
                0x080009a4       0x28 ./Libraries/XMCLib/src/xmc4_scu.o
                0x080009a4                XMC_SCU_CLOCK_SetWdtClockDivider
 .text.XMC_SCU_CLOCK_EnableClock
                0x080009cc       0x20 ./Libraries/XMCLib/src/xmc4_scu.o
                0x080009cc                XMC_SCU_CLOCK_EnableClock
 .text.XMC_SCU_CLOCK_UngatePeripheralClock
                0x080009ec       0x38 ./Libraries/XMCLib/src/xmc4_scu.o
                0x080009ec                XMC_SCU_CLOCK_UngatePeripheralClock
 .text.XMC_SCU_CLOCK_IsPeripheralClockGated
                0x08000a24       0x48 ./Libraries/XMCLib/src/xmc4_scu.o
                0x08000a24                XMC_SCU_CLOCK_IsPeripheralClockGated
 .text.XMC_SCU_CLOCK_StartUsbPll
                0x08000a6c       0x74 ./Libraries/XMCLib/src/xmc4_scu.o
                0x08000a6c                XMC_SCU_CLOCK_StartUsbPll
 .text.XMC_SCU_CLOCK_SetBackupClockCalibrationMode
                0x08000ae0       0x4c ./Libraries/XMCLib/src/xmc4_scu.o
                0x08000ae0                XMC_SCU_CLOCK_SetBackupClockCalibrationMode
 .text.XMC_SCU_HIB_EnableHibernateDomain
                0x08000b2c       0x58 ./Libraries/XMCLib/src/xmc4_scu.o
                0x08000b2c                XMC_SCU_HIB_EnableHibernateDomain
 .text.XMC_SCU_CLOCK_IsLowPowerOscillatorStable
                0x08000b84       0x24 ./Libraries/XMCLib/src/xmc4_scu.o
                0x08000b84                XMC_SCU_CLOCK_IsLowPowerOscillatorStable
 .text.XMC_SCU_CLOCK_EnableLowPowerOscillator
                0x08000ba8       0x70 ./Libraries/XMCLib/src/xmc4_scu.o
                0x08000ba8                XMC_SCU_CLOCK_EnableLowPowerOscillator
 .text.XMC_SCU_CLOCK_EnableHighPerformanceOscillator
                0x08000c18       0x50 ./Libraries/XMCLib/src/xmc4_scu.o
                0x08000c18                XMC_SCU_CLOCK_EnableHighPerformanceOscillator
 .text.XMC_SCU_CLOCK_IsHighPerformanceOscillatorStable
                0x08000c68       0x28 ./Libraries/XMCLib/src/xmc4_scu.o
                0x08000c68                XMC_SCU_CLOCK_IsHighPerformanceOscillatorStable
 .text.XMC_SCU_CLOCK_EnableSystemPll
                0x08000c90       0x20 ./Libraries/XMCLib/src/xmc4_scu.o
                0x08000c90                XMC_SCU_CLOCK_EnableSystemPll
 .text.XMC_SCU_CLOCK_DisableSystemPll
                0x08000cb0       0x20 ./Libraries/XMCLib/src/xmc4_scu.o
                0x08000cb0                XMC_SCU_CLOCK_DisableSystemPll
 .text.XMC_SCU_CLOCK_StartSystemPll
                0x08000cd0      0x174 ./Libraries/XMCLib/src/xmc4_scu.o
                0x08000cd0                XMC_SCU_CLOCK_StartSystemPll
 .text.XMC_SCU_CLOCK_StepSystemPllFrequency
                0x08000e44       0x2c ./Libraries/XMCLib/src/xmc4_scu.o
                0x08000e44                XMC_SCU_CLOCK_StepSystemPllFrequency
 .text.XMC_CCU4_StartPrescaler
                0x08000e70       0x1c ./Libraries/XMCLib/src/xmc_ccu4.o
 .text.XMC_CCU4_lDeassertReset
                0x08000e8c       0x34 ./Libraries/XMCLib/src/xmc_ccu4.o
 .text.XMC_CCU4_lUngateClock
                0x08000ec0       0x34 ./Libraries/XMCLib/src/xmc_ccu4.o
 .text.XMC_CCU4_EnableModule
                0x08000ef4       0x20 ./Libraries/XMCLib/src/xmc_ccu4.o
                0x08000ef4                XMC_CCU4_EnableModule
 .text.XMC_CCU4_Init
                0x08000f14       0x3c ./Libraries/XMCLib/src/xmc_ccu4.o
                0x08000f14                XMC_CCU4_Init
 .text.XMC_CCU4_SLICE_CompareInit
                0x08000f50       0x6c ./Libraries/XMCLib/src/xmc_ccu4.o
                0x08000f50                XMC_CCU4_SLICE_CompareInit
 .text.XMC_CCU4_SLICE_SetInterruptNode
                0x08000fbc       0xb0 ./Libraries/XMCLib/src/xmc_ccu4.o
                0x08000fbc                XMC_CCU4_SLICE_SetInterruptNode
 .text.XMC_CCU8_StartPrescaler
                0x0800106c       0x1c ./Libraries/XMCLib/src/xmc_ccu8.o
 .text.XMC_CCU8_SLICE_StopTimer
                0x08001088       0x18 ./Libraries/XMCLib/src/xmc_ccu8.o
 .text.XMC_CCU8_lDeassertReset
                0x080010a0       0x20 ./Libraries/XMCLib/src/xmc_ccu8.o
 .text.XMC_CCU8_lUngateClock
                0x080010c0       0x20 ./Libraries/XMCLib/src/xmc_ccu8.o
 .text.XMC_CCU8_EnableModule
                0x080010e0       0x20 ./Libraries/XMCLib/src/xmc_ccu8.o
                0x080010e0                XMC_CCU8_EnableModule
 .text.XMC_CCU8_Init
                0x08001100       0x3c ./Libraries/XMCLib/src/xmc_ccu8.o
                0x08001100                XMC_CCU8_Init
 .text.XMC_CCU8_SLICE_CompareInit
                0x0800113c       0x74 ./Libraries/XMCLib/src/xmc_ccu8.o
                0x0800113c                XMC_CCU8_SLICE_CompareInit
 .text.XMC_CCU8_SLICE_SetTimerPeriodMatch
                0x080011b0       0x1c ./Libraries/XMCLib/src/xmc_ccu8.o
                0x080011b0                XMC_CCU8_SLICE_SetTimerPeriodMatch
 .text.XMC_CCU8_SLICE_SetTimerCompareMatch
                0x080011cc       0x30 ./Libraries/XMCLib/src/xmc_ccu8.o
                0x080011cc                XMC_CCU8_SLICE_SetTimerCompareMatch
 .text.XMC_CCU8_SLICE_SetInterruptNode
                0x080011fc       0xb8 ./Libraries/XMCLib/src/xmc_ccu8.o
                0x080011fc                XMC_CCU8_SLICE_SetInterruptNode
 .text.XMC_ERU_ETL_Init
                0x080012b4       0x4c ./Libraries/XMCLib/src/xmc_eru.o
                0x080012b4                XMC_ERU_ETL_Init
 .text.XMC_ERU_OGU_SetServiceRequestMode
                0x08001300       0x3c ./Libraries/XMCLib/src/xmc_eru.o
                0x08001300                XMC_ERU_OGU_SetServiceRequestMode
 .text.XMC_GPIO_SetHardwareControl
                0x0800133c       0x44 ./Libraries/XMCLib/src/xmc_gpio.o
                0x0800133c                XMC_GPIO_SetHardwareControl
 .text.XMC_SPI_CH_Init
                0x08001380       0x80 ./Libraries/XMCLib/src/xmc_spi.o
                0x08001380                XMC_SPI_CH_Init
 .text.XMC_SPI_CH_EnableSlaveSelect
                0x08001400       0x2c ./Libraries/XMCLib/src/xmc_spi.o
                0x08001400                XMC_SPI_CH_EnableSlaveSelect
 .text.XMC_SPI_CH_GetReceivedData
                0x0800142c       0x34 ./Libraries/XMCLib/src/xmc_spi.o
                0x0800142c                XMC_SPI_CH_GetReceivedData
 .text.XMC_SPI_CH_DisableEvent
                0x08001460       0x38 ./Libraries/XMCLib/src/xmc_spi.o
                0x08001460                XMC_SPI_CH_DisableEvent
 .text.XMC_USIC_CH_Enable
                0x08001498       0x74 ./Libraries/XMCLib/src/xmc_usic.o
                0x08001498                XMC_USIC_CH_Enable
 .text.XMC_USIC_CH_SetBaudrate
                0x0800150c       0xe0 ./Libraries/XMCLib/src/xmc_usic.o
                0x0800150c                XMC_USIC_CH_SetBaudrate
 .text.XMC_USIC_CH_SetBaudrateEx
                0x080015ec      0x100 ./Libraries/XMCLib/src/xmc_usic.o
                0x080015ec                XMC_USIC_CH_SetBaudrateEx
 .text.XMC_USIC_CH_TXFIFO_Configure
                0x080016ec       0x50 ./Libraries/XMCLib/src/xmc_usic.o
                0x080016ec                XMC_USIC_CH_TXFIFO_Configure
 .text.XMC_USIC_CH_RXFIFO_Configure
                0x0800173c       0x54 ./Libraries/XMCLib/src/xmc_usic.o
                0x0800173c                XMC_USIC_CH_RXFIFO_Configure
 .text.XMC_USIC_CH_RXFIFO_SetSizeTriggerLimit
                0x08001790       0x44 ./Libraries/XMCLib/src/xmc_usic.o
                0x08001790                XMC_USIC_CH_RXFIFO_SetSizeTriggerLimit
 .text.XMC_USIC_CH_SetInterruptNodePointer
                0x080017d4       0x38 ./Libraries/XMCLib/src/xmc_usic.o
                0x080017d4                XMC_USIC_CH_SetInterruptNodePointer
 .text.XMC_USIC_CH_TXFIFO_SetInterruptNodePointer
                0x0800180c       0x3c ./Libraries/XMCLib/src/xmc_usic.o
                0x0800180c                XMC_USIC_CH_TXFIFO_SetInterruptNodePointer
 .text.XMC_USIC_CH_RXFIFO_SetInterruptNodePointer
                0x08001848       0x3c ./Libraries/XMCLib/src/xmc_usic.o
                0x08001848                XMC_USIC_CH_RXFIFO_SetInterruptNodePointer
 .text.XMC_USIC_Enable
                0x08001884       0x84 ./Libraries/XMCLib/src/xmc_usic.o
                0x08001884                XMC_USIC_Enable
 .text._sbrk    0x08001908       0x68 ./Libraries/Newlib/syscalls.o
                0x08001908                _sbrk
 .text._init    0x08001970        0xc ./Libraries/Newlib/syscalls.o
                0x08001970                _init
 .text.XMC_USIC_CH_WriteToTBUFTCI
                0x0800197c       0x24 ./Dave/Generated/SPI_MASTER/spi_master.o
 .text.XMC_USIC_CH_EnableEvent
                0x080019a0       0x20 ./Dave/Generated/SPI_MASTER/spi_master.o
 .text.XMC_USIC_CH_DisableEvent
                0x080019c0       0x24 ./Dave/Generated/SPI_MASTER/spi_master.o
 .text.XMC_USIC_CH_GetTransmitBufferStatus
                0x080019e4       0x20 ./Dave/Generated/SPI_MASTER/spi_master.o
 .text.XMC_USIC_CH_GetReceiveBufferStatus
                0x08001a04       0x1c ./Dave/Generated/SPI_MASTER/spi_master.o
 .text.XMC_USIC_CH_TriggerServiceRequest
                0x08001a20       0x20 ./Dave/Generated/SPI_MASTER/spi_master.o
 .text.XMC_USIC_CH_TXFIFO_EnableEvent
                0x08001a40       0x24 ./Dave/Generated/SPI_MASTER/spi_master.o
 .text.XMC_USIC_CH_TXFIFO_DisableEvent
                0x08001a64       0x28 ./Dave/Generated/SPI_MASTER/spi_master.o
 .text.XMC_USIC_CH_TXFIFO_PutDataHPCMode
                0x08001a8c       0x24 ./Dave/Generated/SPI_MASTER/spi_master.o
 .text.XMC_USIC_CH_TXFIFO_Flush
                0x08001ab0       0x1c ./Dave/Generated/SPI_MASTER/spi_master.o
 .text.XMC_USIC_CH_TXFIFO_IsFull
                0x08001acc       0x28 ./Dave/Generated/SPI_MASTER/spi_master.o
 .text.XMC_USIC_CH_TXFIFO_IsEmpty
                0x08001af4       0x28 ./Dave/Generated/SPI_MASTER/spi_master.o
 .text.XMC_USIC_CH_RXFIFO_EnableEvent
                0x08001b1c       0x24 ./Dave/Generated/SPI_MASTER/spi_master.o
 .text.XMC_USIC_CH_RXFIFO_DisableEvent
                0x08001b40       0x28 ./Dave/Generated/SPI_MASTER/spi_master.o
 .text.XMC_USIC_CH_RXFIFO_Flush
                0x08001b68       0x1c ./Dave/Generated/SPI_MASTER/spi_master.o
 .text.XMC_USIC_CH_RXFIFO_IsEmpty
                0x08001b84       0x28 ./Dave/Generated/SPI_MASTER/spi_master.o
 .text.XMC_SPI_CH_SetTransmitMode
                0x08001bac       0x2c ./Dave/Generated/SPI_MASTER/spi_master.o
 .text.SPI_MASTER_Init
                0x08001bd8       0x20 ./Dave/Generated/SPI_MASTER/spi_master.o
                0x08001bd8                SPI_MASTER_Init
 .text.SPI_MASTER_Transmit
                0x08001bf8       0x34 ./Dave/Generated/SPI_MASTER/spi_master.o
                0x08001bf8                SPI_MASTER_Transmit
 .text.SPI_MASTER_StartTransmitIRQ
                0x08001c2c       0xec ./Dave/Generated/SPI_MASTER/spi_master.o
                0x08001c2c                SPI_MASTER_StartTransmitIRQ
 .text.SPI_MASTER_Transfer
                0x08001d18       0xb0 ./Dave/Generated/SPI_MASTER/spi_master.o
                0x08001d18                SPI_MASTER_Transfer
 .text.SPI_MASTER_lTransmitHandler
                0x08001dc8      0x1c8 ./Dave/Generated/SPI_MASTER/spi_master.o
                0x08001dc8                SPI_MASTER_lTransmitHandler
 .text.SPI_MASTER_lReceiveIRQ
                0x08001f90       0xac ./Dave/Generated/SPI_MASTER/spi_master.o
 .text.SPI_MASTER_lReceiveHandler
                0x0800203c      0x1a4 ./Dave/Generated/SPI_MASTER/spi_master.o
                0x0800203c                SPI_MASTER_lReceiveHandler
 .text.SPI_MASTER_lFIFORead
                0x080021e0       0xc4 ./Dave/Generated/SPI_MASTER/spi_master.o
 .text.SPI_MASTER_lReconfigureRxFIFO
                0x080022a4       0x70 ./Dave/Generated/SPI_MASTER/spi_master.o
 .text.SPI_MASTER_lStdRBUFFlush
                0x08002314       0x1c ./Dave/Generated/SPI_MASTER/spi_master.o
 .text.__NVIC_GetPriorityGrouping
                0x08002330       0x1c ./Dave/Generated/SPI_MASTER/spi_master_conf.o
 .text.__NVIC_EnableIRQ
                0x0800234c       0x38 ./Dave/Generated/SPI_MASTER/spi_master_conf.o
 .text.__NVIC_SetPriority
                0x08002384       0x54 ./Dave/Generated/SPI_MASTER/spi_master_conf.o
 .text.NVIC_EncodePriority
                0x080023d8       0x64 ./Dave/Generated/SPI_MASTER/spi_master_conf.o
 .text.XMC_USIC_CH_SetInputSource
                0x0800243c       0x3c ./Dave/Generated/SPI_MASTER/spi_master_conf.o
 .text.XMC_USIC_CH_SetWordLength
                0x08002478       0x2c ./Dave/Generated/SPI_MASTER/spi_master_conf.o
 .text.XMC_USIC_CH_SetFrameLength
                0x080024a4       0x2c ./Dave/Generated/SPI_MASTER/spi_master_conf.o
 .text.XMC_USIC_CH_ConfigureShiftClockOutput
                0x080024d0       0x2c ./Dave/Generated/SPI_MASTER/spi_master_conf.o
 .text.XMC_USIC_CH_SetMode
                0x080024fc       0x28 ./Dave/Generated/SPI_MASTER/spi_master_conf.o
 .text.XMC_SPI_CH_Start
                0x08002524       0x18 ./Dave/Generated/SPI_MASTER/spi_master_conf.o
 .text.XMC_SPI_CH_SetSlaveSelectDelay
                0x0800253c       0x2c ./Dave/Generated/SPI_MASTER/spi_master_conf.o
 .text.XMC_SPI_CH_ConfigureShiftClockOutput
                0x08002568       0x1c ./Dave/Generated/SPI_MASTER/spi_master_conf.o
 .text.XMC_SPI_CH_SetWordLength
                0x08002584       0x1c ./Dave/Generated/SPI_MASTER/spi_master_conf.o
 .text.XMC_SPI_CH_SetFrameLength
                0x080025a0       0x1c ./Dave/Generated/SPI_MASTER/spi_master_conf.o
 .text.XMC_SPI_CH_SetInputSource
                0x080025bc       0x44 ./Dave/Generated/SPI_MASTER/spi_master_conf.o
 .text.SPI_MASTER_0_lInit
                0x08002600      0x120 ./Dave/Generated/SPI_MASTER/spi_master_conf.o
 .text.USIC1_1_IRQHandler
                0x08002720       0x10 ./Dave/Generated/SPI_MASTER/spi_master_conf.o
                0x08002720                USIC1_1_IRQHandler
 .text.USIC1_0_IRQHandler
                0x08002730       0x10 ./Dave/Generated/SPI_MASTER/spi_master_conf.o
                0x08002730                USIC1_0_IRQHandler
 .text.XMC_CCU4_EnableClock
                0x08002740       0x20 ./Dave/Generated/PWM/pwm.o
 .text.XMC_CCU4_SLICE_StartTimer
                0x08002760       0x18 ./Dave/Generated/PWM/pwm.o
 .text.XMC_CCU4_SLICE_SetTimerPeriodMatch
                0x08002778       0x1c ./Dave/Generated/PWM/pwm.o
 .text.XMC_CCU4_SLICE_SetTimerCompareMatch
                0x08002794       0x1c ./Dave/Generated/PWM/pwm.o
 .text.XMC_CCU4_EnableShadowTransfer
                0x080027b0       0x1c ./Dave/Generated/PWM/pwm.o
 .text.XMC_CCU4_SLICE_EnableEvent
                0x080027cc       0x2c ./Dave/Generated/PWM/pwm.o
 .text.XMC_CCU8_EnableClock
                0x080027f8       0x20 ./Dave/Generated/PWM/pwm.o
 .text.XMC_CCU8_SLICE_StartTimer
                0x08002818       0x18 ./Dave/Generated/PWM/pwm.o
 .text.XMC_CCU8_EnableShadowTransfer
                0x08002830       0x1c ./Dave/Generated/PWM/pwm.o
 .text.XMC_CCU8_SLICE_EnableEvent
                0x0800284c       0x2c ./Dave/Generated/PWM/pwm.o
 .text.PWM_lCCU4_Init
                0x08002878       0xbc ./Dave/Generated/PWM/pwm.o
                0x08002878                PWM_lCCU4_Init
 .text.PWM_lCCU4_ConfigInterrupts
                0x08002934       0x64 ./Dave/Generated/PWM/pwm.o
                0x08002934                PWM_lCCU4_ConfigInterrupts
 .text.PWM_lCCU4_Start
                0x08002998       0x48 ./Dave/Generated/PWM/pwm.o
                0x08002998                PWM_lCCU4_Start
 .text.PWM_lCCU4_SetDutyCycle
                0x080029e0       0x80 ./Dave/Generated/PWM/pwm.o
                0x080029e0                PWM_lCCU4_SetDutyCycle
 .text.PWM_lCCU8_Init
                0x08002a60       0xc0 ./Dave/Generated/PWM/pwm.o
                0x08002a60                PWM_lCCU8_Init
 .text.PWM_lCCU8_ConfigInterrupts
                0x08002b20       0x64 ./Dave/Generated/PWM/pwm.o
                0x08002b20                PWM_lCCU8_ConfigInterrupts
 .text.PWM_lCCU8_Start
                0x08002b84       0x48 ./Dave/Generated/PWM/pwm.o
                0x08002b84                PWM_lCCU8_Start
 .text.PWM_lCCU8_SetDutyCycle
                0x08002bcc       0x84 ./Dave/Generated/PWM/pwm.o
                0x08002bcc                PWM_lCCU8_SetDutyCycle
 .text.PWM_Init
                0x08002c50       0x40 ./Dave/Generated/PWM/pwm.o
                0x08002c50                PWM_Init
 .text.PWM_Start
                0x08002c90       0x30 ./Dave/Generated/PWM/pwm.o
                0x08002c90                PWM_Start
 .text.PWM_SetDutyCycle
                0x08002cc0       0x44 ./Dave/Generated/PWM/pwm.o
                0x08002cc0                PWM_SetDutyCycle
 .text.__NVIC_GetPriorityGrouping
                0x08002d04       0x1c ./Dave/Generated/PIN_INTERRUPT/pin_interrupt.o
 .text.__NVIC_EnableIRQ
                0x08002d20       0x38 ./Dave/Generated/PIN_INTERRUPT/pin_interrupt.o
 .text.__NVIC_ClearPendingIRQ
                0x08002d58       0x3c ./Dave/Generated/PIN_INTERRUPT/pin_interrupt.o
 .text.__NVIC_SetPriority
                0x08002d94       0x54 ./Dave/Generated/PIN_INTERRUPT/pin_interrupt.o
 .text.NVIC_EncodePriority
                0x08002de8       0x64 ./Dave/Generated/PIN_INTERRUPT/pin_interrupt.o
 .text.PIN_INTERRUPT_Init
                0x08002e4c       0xa0 ./Dave/Generated/PIN_INTERRUPT/pin_interrupt.o
                0x08002e4c                PIN_INTERRUPT_Init
 .text.XMC_CCU8_StartPrescaler
                0x08002eec       0x1c ./Dave/Generated/GLOBAL_CCU8/global_ccu8.o
 .text.GLOBAL_CCU8_Init
                0x08002f08       0x40 ./Dave/Generated/GLOBAL_CCU8/global_ccu8.o
                0x08002f08                GLOBAL_CCU8_Init
 .text.XMC_CCU4_StartPrescaler
                0x08002f48       0x1c ./Dave/Generated/GLOBAL_CCU4/global_ccu4.o
 .text.GLOBAL_CCU4_Init
                0x08002f64       0x40 ./Dave/Generated/GLOBAL_CCU4/global_ccu4.o
                0x08002f64                GLOBAL_CCU4_Init
 .text.pxPortInitialiseStack
                0x08002fa4       0x68 ./Dave/Generated/FREERTOS/portable/GCC/port.o
                0x08002fa4                pxPortInitialiseStack
 .text.prvTaskExitError
                0x0800300c       0x50 ./Dave/Generated/FREERTOS/portable/GCC/port.o
 *fill*         0x0800305c        0x4 
 .text.SVC_Handler
                0x08003060       0x30 ./Dave/Generated/FREERTOS/portable/GCC/port.o
                0x08003060                SVC_Handler
 .text.prvPortStartFirstTask
                0x08003090       0x28 ./Dave/Generated/FREERTOS/portable/GCC/port.o
 .text.xPortStartScheduler
                0x080030b8      0x13c ./Dave/Generated/FREERTOS/portable/GCC/port.o
                0x080030b8                xPortStartScheduler
 .text.vPortEnterCritical
                0x080031f4       0x5c ./Dave/Generated/FREERTOS/portable/GCC/port.o
                0x080031f4                vPortEnterCritical
 .text.vPortExitCritical
                0x08003250       0x4c ./Dave/Generated/FREERTOS/portable/GCC/port.o
                0x08003250                vPortExitCritical
 *fill*         0x0800329c        0x4 
 .text.PendSV_Handler
                0x080032a0       0x70 ./Dave/Generated/FREERTOS/portable/GCC/port.o
                0x080032a0                PendSV_Handler
 .text.SysTick_Handler
                0x08003310       0x40 ./Dave/Generated/FREERTOS/portable/GCC/port.o
                0x08003310                SysTick_Handler
 .text.vPortSetupTimerInterrupt
                0x08003350       0x44 ./Dave/Generated/FREERTOS/portable/GCC/port.o
                0x08003350                vPortSetupTimerInterrupt
 .text.vPortEnableVFP
                0x08003394       0x14 ./Dave/Generated/FREERTOS/portable/GCC/port.o
 .text.vPortValidateInterruptPriority
                0x080033a8       0x78 ./Dave/Generated/FREERTOS/portable/GCC/port.o
                0x080033a8                vPortValidateInterruptPriority
 .text.pvPortMalloc
                0x08003420       0x24 ./Dave/Generated/FREERTOS/heap.o
                0x08003420                pvPortMalloc
 .text.vPortFree
                0x08003444       0x24 ./Dave/Generated/FREERTOS/heap.o
                0x08003444                vPortFree
 .text.vListInitialise
                0x08003468       0x40 ./Dave/Generated/FREERTOS/list.o
                0x08003468                vListInitialise
 .text.vListInitialiseItem
                0x080034a8       0x18 ./Dave/Generated/FREERTOS/list.o
                0x080034a8                vListInitialiseItem
 .text.vListInsertEnd
                0x080034c0       0x48 ./Dave/Generated/FREERTOS/list.o
                0x080034c0                vListInsertEnd
 .text.vListInsert
                0x08003508       0x70 ./Dave/Generated/FREERTOS/list.o
                0x08003508                vListInsert
 .text.uxListRemove
                0x08003578       0x54 ./Dave/Generated/FREERTOS/list.o
                0x08003578                uxListRemove
 .text.xQueueGenericReset
                0x080035cc       0xd0 ./Dave/Generated/FREERTOS/queue.o
                0x080035cc                xQueueGenericReset
 .text.xQueueGenericCreate
                0x0800369c       0x78 ./Dave/Generated/FREERTOS/queue.o
                0x0800369c                xQueueGenericCreate
 .text.prvInitialiseNewQueue
                0x08003714       0x4c ./Dave/Generated/FREERTOS/queue.o
 .text.xQueueGenericSend
                0x08003760      0x23c ./Dave/Generated/FREERTOS/queue.o
                0x08003760                xQueueGenericSend
 .text.xQueueGenericSendFromISR
                0x0800399c      0x14c ./Dave/Generated/FREERTOS/queue.o
                0x0800399c                xQueueGenericSendFromISR
 .text.xQueueGiveFromISR
                0x08003ae8      0x138 ./Dave/Generated/FREERTOS/queue.o
                0x08003ae8                xQueueGiveFromISR
 .text.xQueueReceive
                0x08003c20      0x1c0 ./Dave/Generated/FREERTOS/queue.o
                0x08003c20                xQueueReceive
 .text.xQueueSemaphoreTake
                0x08003de0      0x214 ./Dave/Generated/FREERTOS/queue.o
                0x08003de0                xQueueSemaphoreTake
 .text.prvGetDisinheritPriorityAfterTimeout
                0x08003ff4       0x30 ./Dave/Generated/FREERTOS/queue.o
 .text.prvCopyDataToQueue
                0x08004024       0xd8 ./Dave/Generated/FREERTOS/queue.o
 .text.prvCopyDataFromQueue
                0x080040fc       0x4c ./Dave/Generated/FREERTOS/queue.o
 .text.prvUnlockQueue
                0x08004148       0xc0 ./Dave/Generated/FREERTOS/queue.o
 .text.prvIsQueueEmpty
                0x08004208       0x2c ./Dave/Generated/FREERTOS/queue.o
 .text.prvIsQueueFull
                0x08004234       0x30 ./Dave/Generated/FREERTOS/queue.o
 .text.vQueueAddToRegistry
                0x08004264       0x50 ./Dave/Generated/FREERTOS/queue.o
                0x08004264                vQueueAddToRegistry
 .text.vQueueWaitForMessageRestricted
                0x080042b4       0x6c ./Dave/Generated/FREERTOS/queue.o
                0x080042b4                vQueueWaitForMessageRestricted
 .text.prvNotifyQueueSetContainer
                0x08004320       0xb4 ./Dave/Generated/FREERTOS/queue.o
 .text.xTaskCreate
                0x080043d4       0x84 ./Dave/Generated/FREERTOS/tasks.o
                0x080043d4                xTaskCreate
 .text.prvInitialiseNewTask
                0x08004458      0x144 ./Dave/Generated/FREERTOS/tasks.o
 .text.prvAddNewTaskToReadyList
                0x0800459c       0xe0 ./Dave/Generated/FREERTOS/tasks.o
 .text.vTaskDelay
                0x0800467c       0x64 ./Dave/Generated/FREERTOS/tasks.o
                0x0800467c                vTaskDelay
 .text.vTaskStartScheduler
                0x080046e0       0x94 ./Dave/Generated/FREERTOS/tasks.o
                0x080046e0                vTaskStartScheduler
 .text.vTaskSuspendAll
                0x08004774       0x1c ./Dave/Generated/FREERTOS/tasks.o
                0x08004774                vTaskSuspendAll
 .text.xTaskResumeAll
                0x08004790      0x13c ./Dave/Generated/FREERTOS/tasks.o
                0x08004790                xTaskResumeAll
 .text.xTaskGetTickCount
                0x080048cc       0x20 ./Dave/Generated/FREERTOS/tasks.o
                0x080048cc                xTaskGetTickCount
 .text.xTaskIncrementTick
                0x080048ec      0x174 ./Dave/Generated/FREERTOS/tasks.o
                0x080048ec                xTaskIncrementTick
 .text.vTaskSwitchContext
                0x08004a60       0xb4 ./Dave/Generated/FREERTOS/tasks.o
                0x08004a60                vTaskSwitchContext
 .text.vTaskPlaceOnEventList
                0x08004b14       0x44 ./Dave/Generated/FREERTOS/tasks.o
                0x08004b14                vTaskPlaceOnEventList
 .text.vTaskPlaceOnEventListRestricted
                0x08004b58       0x54 ./Dave/Generated/FREERTOS/tasks.o
                0x08004b58                vTaskPlaceOnEventListRestricted
 .text.xTaskRemoveFromEventList
                0x08004bac       0xc8 ./Dave/Generated/FREERTOS/tasks.o
                0x08004bac                xTaskRemoveFromEventList
 .text.vTaskInternalSetTimeOutState
                0x08004c74       0x2c ./Dave/Generated/FREERTOS/tasks.o
                0x08004c74                vTaskInternalSetTimeOutState
 .text.xTaskCheckForTimeOut
                0x08004ca0       0xe0 ./Dave/Generated/FREERTOS/tasks.o
                0x08004ca0                xTaskCheckForTimeOut
 .text.vTaskMissedYield
                0x08004d80       0x18 ./Dave/Generated/FREERTOS/tasks.o
                0x08004d80                vTaskMissedYield
 .text.prvIdleTask
                0x08004d98       0x30 ./Dave/Generated/FREERTOS/tasks.o
 .text.prvInitialiseTaskLists
                0x08004dc8       0x7c ./Dave/Generated/FREERTOS/tasks.o
 .text.prvCheckTasksWaitingTermination
                0x08004e44       0x58 ./Dave/Generated/FREERTOS/tasks.o
 .text.prvDeleteTCB
                0x08004e9c       0x20 ./Dave/Generated/FREERTOS/tasks.o
 .text.prvResetNextTaskUnblockTime
                0x08004ebc       0x40 ./Dave/Generated/FREERTOS/tasks.o
 .text.xTaskGetSchedulerState
                0x08004efc       0x3c ./Dave/Generated/FREERTOS/tasks.o
                0x08004efc                xTaskGetSchedulerState
 .text.xTaskPriorityInherit
                0x08004f38      0x104 ./Dave/Generated/FREERTOS/tasks.o
                0x08004f38                xTaskPriorityInherit
 .text.xTaskPriorityDisinherit
                0x0800503c      0x10c ./Dave/Generated/FREERTOS/tasks.o
                0x0800503c                xTaskPriorityDisinherit
 .text.vTaskPriorityDisinheritAfterTimeout
                0x08005148      0x134 ./Dave/Generated/FREERTOS/tasks.o
                0x08005148                vTaskPriorityDisinheritAfterTimeout
 .text.pvTaskIncrementMutexHeldCount
                0x0800527c       0x28 ./Dave/Generated/FREERTOS/tasks.o
                0x0800527c                pvTaskIncrementMutexHeldCount
 .text.prvAddCurrentTaskToDelayedList
                0x080052a4       0xd4 ./Dave/Generated/FREERTOS/tasks.o
 .text.xTimerCreateTimerTask
                0x08005378       0x64 ./Dave/Generated/FREERTOS/timers.o
                0x08005378                xTimerCreateTimerTask
 .text.xTimerGenericCommand
                0x080053dc       0xa4 ./Dave/Generated/FREERTOS/timers.o
                0x080053dc                xTimerGenericCommand
 .text.prvProcessExpiredTimer
                0x08005480       0x98 ./Dave/Generated/FREERTOS/timers.o
 .text.prvTimerTask
                0x08005518       0x24 ./Dave/Generated/FREERTOS/timers.o
 .text.prvProcessTimerOrBlockTask
                0x0800553c       0x9c ./Dave/Generated/FREERTOS/timers.o
 .text.prvGetNextExpireTime
                0x080055d8       0x48 ./Dave/Generated/FREERTOS/timers.o
 .text.prvSampleTimeNow
                0x08005620       0x40 ./Dave/Generated/FREERTOS/timers.o
 .text.prvInsertTimerInActiveList
                0x08005660       0x84 ./Dave/Generated/FREERTOS/timers.o
 .text.prvProcessReceivedCommands
                0x080056e4      0x1c4 ./Dave/Generated/FREERTOS/timers.o
 .text.prvSwitchTimerLists
                0x080058a8       0xc4 ./Dave/Generated/FREERTOS/timers.o
 .text.prvCheckForValidListAndQueue
                0x0800596c       0x6c ./Dave/Generated/FREERTOS/timers.o
 .text.DIGITAL_IO_Init
                0x080059d8       0x40 ./Dave/Generated/DIGITAL_IO/digital_io.o
                0x080059d8                DIGITAL_IO_Init
 .text.__NVIC_SetPriorityGrouping
                0x08005a18       0x48 ./Dave/Generated/CPU_CTRL_XMC4/cpu_ctrl_xmc4_conf.o
 .text.SystemCoreSetup
                0x08005a60       0xa0 ./Dave/Generated/CPU_CTRL_XMC4/cpu_ctrl_xmc4_conf.o
                0x08005a60                SystemCoreSetup
 .text.CLOCK_XMC4_Init
                0x08005b00       0x20 ./Dave/Generated/CLOCK_XMC4/clock_xmc4.o
                0x08005b00                CLOCK_XMC4_Init
 .text.OSCHP_GetFrequency
                0x08005b20       0x14 ./Dave/Generated/CLOCK_XMC4/clock_xmc4.o
                0x08005b20                OSCHP_GetFrequency
 .text.SystemCoreClockSetup
                0x08005b34       0x4c ./Dave/Generated/CLOCK_XMC4/clock_xmc4_conf.o
                0x08005b34                SystemCoreClockSetup
 .text.XMC_GPIO_SetOutputLevel
                0x08005b80       0x24 ./Dave/Generated/BUS_IO/bus_io.o
 .text.XMC_GPIO_GetInput
                0x08005ba4       0x28 ./Dave/Generated/BUS_IO/bus_io.o
 .text.BUS_IO_Init
                0x08005bcc       0x64 ./Dave/Generated/BUS_IO/bus_io.o
                0x08005bcc                BUS_IO_Init
 .text.BUS_IO_Read
                0x08005c30       0x5c ./Dave/Generated/BUS_IO/bus_io.o
                0x08005c30                BUS_IO_Read
 .text.BUS_IO_Write
                0x08005c8c       0x70 ./Dave/Generated/BUS_IO/bus_io.o
                0x08005c8c                BUS_IO_Write
 .text.DAVE_Init
                0x08005cfc      0x164 ./Dave/Generated/DAVE.o
                0x08005cfc                DAVE_Init
 .text.XMC_GPIO_SetOutputHigh
                0x08005e60       0x20 ./main.o
 .text.XMC_GPIO_SetOutputLow
                0x08005e80       0x24 ./main.o
 .text.XMC_GPIO_GetInput
                0x08005ea4       0x28 ./main.o
 .text.DIGITAL_IO_SetOutputHigh
                0x08005ecc       0x20 ./main.o
 .text.DIGITAL_IO_SetOutputLow
                0x08005eec       0x20 ./main.o
 .text.PIN_INTERRUPT_GetPinValue
                0x08005f0c       0x24 ./main.o
 .text.XMC_SPI_CH_SetBitOrderLsbFirst
                0x08005f30       0x20 ./main.o
 .text.FORWARD_Task
                0x08005f50       0xf0 ./main.o
                0x08005f50                FORWARD_Task
 .text.BACKWARD_Task
                0x08006040       0xf0 ./main.o
                0x08006040                BACKWARD_Task
 .text.LEFT_Task
                0x08006130       0xf0 ./main.o
                0x08006130                LEFT_Task
 .text.RIGHT_Task
                0x08006220       0xf0 ./main.o
                0x08006220                RIGHT_Task
 .text.UP_Task  0x08006310       0x8c ./main.o
                0x08006310                UP_Task
 .text.DOWN_Task
                0x0800639c       0x8c ./main.o
                0x0800639c                DOWN_Task
 .text.OPEN_Task
                0x08006428       0x5c ./main.o
                0x08006428                OPEN_Task
 .text.CLOSE_Task
                0x08006484       0x54 ./main.o
                0x08006484                CLOSE_Task
 .text.HOLD_Task
                0x080064d8       0x54 ./main.o
                0x080064d8                HOLD_Task
 .text.ROTATE_Task
                0x0800652c      0x138 ./main.o
                0x0800652c                ROTATE_Task
 .text.DIRECTION_Task
                0x08006664       0xa4 ./main.o
                0x08006664                DIRECTION_Task
 .text.CLAMP_Task
                0x08006708       0xa4 ./main.o
                0x08006708                CLAMP_Task
 .text.main     0x080067ac      0x2c8 ./main.o
                0x080067ac                main
 .text.ERU0_2_IRQHandler
                0x08006a74       0x18 ./main.o
                0x08006a74                ERU0_2_IRQHandler
 .text.ERU0_3_IRQHandler
                0x08006a8c       0x18 ./main.o
                0x08006a8c                ERU0_3_IRQHandler
 .text.ERU1_0_IRQHandler
                0x08006aa4       0x18 ./main.o
                0x08006aa4                ERU1_0_IRQHandler
 .text.ERU0_0_IRQHandler
                0x08006abc       0x18 ./main.o
                0x08006abc                ERU0_0_IRQHandler
 .text.tle94112el_enable
                0x08006ad4       0x10 ./main.o
 .text.tle94112el_disable
                0x08006ae4       0x10 ./main.o
 .text.tle94112el_spi_transfer
                0x08006af4       0x4c ./main.o
 .text.__errno  0x08006b40        0xc c:/users/forge-15r/dave-ide-4.4.2-64bit/eclipse/arm-gcc-49/bin/../lib/gcc/arm-none-eabi/4.9.3/../../../../arm-none-eabi/lib/armv7e-m/softfp\libg_nano.a(lib_a-errno.o)
                0x08006b40                __errno
 .text.__libc_init_array
                0x08006b4c       0x4c c:/users/forge-15r/dave-ide-4.4.2-64bit/eclipse/arm-gcc-49/bin/../lib/gcc/arm-none-eabi/4.9.3/../../../../arm-none-eabi/lib/armv7e-m/softfp\libg_nano.a(lib_a-init.o)
                0x08006b4c                __libc_init_array
 .text.malloc   0x08006b98       0x10 c:/users/forge-15r/dave-ide-4.4.2-64bit/eclipse/arm-gcc-49/bin/../lib/gcc/arm-none-eabi/4.9.3/../../../../arm-none-eabi/lib/armv7e-m/softfp\libg_nano.a(lib_a-malloc.o)
                0x08006b98                malloc
 .text.free     0x08006ba8       0x10 c:/users/forge-15r/dave-ide-4.4.2-64bit/eclipse/arm-gcc-49/bin/../lib/gcc/arm-none-eabi/4.9.3/../../../../arm-none-eabi/lib/armv7e-m/softfp\libg_nano.a(lib_a-malloc.o)
                0x08006ba8                free
 .text.memcpy   0x08006bb8       0x16 c:/users/forge-15r/dave-ide-4.4.2-64bit/eclipse/arm-gcc-49/bin/../lib/gcc/arm-none-eabi/4.9.3/../../../../arm-none-eabi/lib/armv7e-m/softfp\libg_nano.a(lib_a-memcpy.o)
                0x08006bb8                memcpy
 .text.memset   0x08006bce       0x10 c:/users/forge-15r/dave-ide-4.4.2-64bit/eclipse/arm-gcc-49/bin/../lib/gcc/arm-none-eabi/4.9.3/../../../../arm-none-eabi/lib/armv7e-m/softfp\libg_nano.a(lib_a-memset.o)
                0x08006bce                memset
 *fill*         0x08006bde        0x2 
 .text._free_r  0x08006be0       0x88 c:/users/forge-15r/dave-ide-4.4.2-64bit/eclipse/arm-gcc-49/bin/../lib/gcc/arm-none-eabi/4.9.3/../../../../arm-none-eabi/lib/armv7e-m/softfp\libg_nano.a(lib_a-nano-freer.o)
                0x08006be0                _free_r
 .text._malloc_r
                0x08006c68       0xac c:/users/forge-15r/dave-ide-4.4.2-64bit/eclipse/arm-gcc-49/bin/../lib/gcc/arm-none-eabi/4.9.3/../../../../arm-none-eabi/lib/armv7e-m/softfp\libg_nano.a(lib_a-nano-mallocr.o)
                0x08006c68                _malloc_r
 .text._sbrk_r  0x08006d14       0x20 c:/users/forge-15r/dave-ide-4.4.2-64bit/eclipse/arm-gcc-49/bin/../lib/gcc/arm-none-eabi/4.9.3/../../../../arm-none-eabi/lib/armv7e-m/softfp\libg_nano.a(lib_a-sbrkr.o)
                0x08006d14                _sbrk_r
 *(.init)
 *(.fini)
 *crtbegin.o(.ctors)
 *crtbegin?.o(.ctors)
 *(EXCLUDE_FILE(*crtend.o *crtend?.o) .ctors)
 *(SORT(.ctors.*))
 *(.ctors)
 *crtbegin.o(.dtors)
 *crtbegin?.o(.dtors)
 *(EXCLUDE_FILE(*crtend.o *crtend?.o) .dtors)
 *(SORT(.dtors.*))
 *(.dtors)
 *(.rodata .rodata.*)
 .rodata.SPI_MASTER_0_MOSI
                0x08006d34        0x8 ./Dave/Generated/SPI_MASTER/spi_master_conf.o
                0x08006d34                SPI_MASTER_0_MOSI
 .rodata.SPI_MASTER_0_MISO
                0x08006d3c        0x8 ./Dave/Generated/SPI_MASTER/spi_master_conf.o
                0x08006d3c                SPI_MASTER_0_MISO
 .rodata.SPI_MASTER_0_SCLKOUT
                0x08006d44        0x8 ./Dave/Generated/SPI_MASTER/spi_master_conf.o
                0x08006d44                SPI_MASTER_0_SCLKOUT
 .rodata.SPI_MASTER_0_SCLKOUT_Config
                0x08006d4c       0x14 ./Dave/Generated/SPI_MASTER/spi_master_conf.o
                0x08006d4c                SPI_MASTER_0_SCLKOUT_Config
 .rodata.SPI_MASTER_0_SS_0
                0x08006d60        0x8 ./Dave/Generated/SPI_MASTER/spi_master_conf.o
                0x08006d60                SPI_MASTER_0_SS_0
 .rodata.SPI_MASTER_0_SS_0_Config
                0x08006d68       0x14 ./Dave/Generated/SPI_MASTER/spi_master_conf.o
                0x08006d68                SPI_MASTER_0_SS_0_Config
 .rodata.SPI_MASTER_0_Config
                0x08006d7c       0x8c ./Dave/Generated/SPI_MASTER/spi_master_conf.o
                0x08006d7c                SPI_MASTER_0_Config
 .rodata.PWM_CLAMP_compare_config
                0x08006e08       0x10 ./Dave/Generated/PWM/pwm_conf.o
                0x08006e08                PWM_CLAMP_compare_config
 .rodata.PWM_CLAMP_gpio_out_config
                0x08006e18        0xc ./Dave/Generated/PWM/pwm_conf.o
                0x08006e18                PWM_CLAMP_gpio_out_config
 .rodata.PWM_LIFT_compare_config
                0x08006e24        0x8 ./Dave/Generated/PWM/pwm_conf.o
                0x08006e24                PWM_LIFT_compare_config
 .rodata.PWM_LIFT_gpio_out_config
                0x08006e2c        0xc ./Dave/Generated/PWM/pwm_conf.o
                0x08006e2c                PWM_LIFT_gpio_out_config
 .rodata.PWM_ROTATE_compare_config
                0x08006e38        0x8 ./Dave/Generated/PWM/pwm_conf.o
                0x08006e38                PWM_ROTATE_compare_config
 .rodata.PWM_ROTATE_gpio_out_config
                0x08006e40        0xc ./Dave/Generated/PWM/pwm_conf.o
                0x08006e40                PWM_ROTATE_gpio_out_config
 .rodata.CLAMP_INTERRUPT
                0x08006e4c       0x24 ./Dave/Generated/PIN_INTERRUPT/pin_interrupt_conf.o
                0x08006e4c                CLAMP_INTERRUPT
 .rodata.ROTATE_INTERRUPT
                0x08006e70       0x24 ./Dave/Generated/PIN_INTERRUPT/pin_interrupt_conf.o
                0x08006e70                ROTATE_INTERRUPT
 .rodata.DIRECTION_INTERRUPT
                0x08006e94       0x24 ./Dave/Generated/PIN_INTERRUPT/pin_interrupt_conf.o
                0x08006e94                DIRECTION_INTERRUPT
 .rodata.HOLD_INTERRUPT
                0x08006eb8       0x24 ./Dave/Generated/PIN_INTERRUPT/pin_interrupt_conf.o
                0x08006eb8                HOLD_INTERRUPT
 .rodata        0x08006edc       0x18 ./Dave/Generated/FREERTOS/tasks.o
 .rodata        0x08006ef4       0x10 ./Dave/Generated/FREERTOS/timers.o
 .rodata.DIGITAL_IO_0
                0x08006f04       0x14 ./Dave/Generated/DIGITAL_IO/digital_io_conf.o
                0x08006f04                DIGITAL_IO_0
 .rodata.MOTOR_HIGH
                0x08006f18       0x14 ./Dave/Generated/DIGITAL_IO/digital_io_conf.o
                0x08006f18                MOTOR_HIGH
 .rodata.MOTOR_LOW
                0x08006f2c       0x14 ./Dave/Generated/DIGITAL_IO/digital_io_conf.o
                0x08006f2c                MOTOR_LOW
 .rodata.TLE94112_ENABLE
                0x08006f40       0x14 ./Dave/Generated/DIGITAL_IO/digital_io_conf.o
                0x08006f40                TLE94112_ENABLE
 .rodata.TLE94112_CS
                0x08006f54       0x14 ./Dave/Generated/DIGITAL_IO/digital_io_conf.o
                0x08006f54                TLE94112_CS
 .rodata        0x08006f68       0x14 ./Dave/Generated/CLOCK_XMC4/clock_xmc4_conf.o
 .rodata.DIRECTION_BUS_IO_pin_list
                0x08006f7c       0x10 ./Dave/Generated/BUS_IO/bus_io_conf.o
                0x08006f7c                DIRECTION_BUS_IO_pin_list
 .rodata.CLAMP_BUS_IO_pin_list
                0x08006f8c       0x10 ./Dave/Generated/BUS_IO/bus_io_conf.o
                0x08006f8c                CLAMP_BUS_IO_pin_list
 .rodata.LED_BUS_IO_pin_list
                0x08006f9c       0x20 ./Dave/Generated/BUS_IO/bus_io_conf.o
                0x08006f9c                LED_BUS_IO_pin_list
 .rodata.TLE94112EL_0
                0x08006fbc        0xc ./main.o
 .rodata        0x08006fc8       0x64 ./main.o
 .rodata.str1.1
                0x0800702c        0x2 c:/users/forge-15r/dave-ide-4.4.2-64bit/eclipse/arm-gcc-49/bin/../lib/gcc/arm-none-eabi/4.9.3/../../../../arm-none-eabi/lib/armv7e-m/softfp\libg_nano.a(lib_a-impure.o)
 *(.gnu.linkonce.r*)
 *(vtable)
                0x08007030                . = ALIGN (0x4)
 *fill*         0x0800702e        0x2 

.glue_7         0x08007030        0x0 load address 0x0c007030
 .glue_7        0x00000000        0x0 linker stubs

.glue_7t        0x08007030        0x0 load address 0x0c007030
 .glue_7t       0x00000000        0x0 linker stubs

.vfp11_veneer   0x08007030        0x0 load address 0x0c007030
 .vfp11_veneer  0x00000000        0x0 linker stubs

.v4_bx          0x08007030        0x0 load address 0x0c007030
 .v4_bx         0x00000000        0x0 linker stubs

.iplt           0x08007030        0x0 load address 0x0c007030
 .iplt          0x00000000        0x0 ./ext_lib/base.o

.rel.dyn        0x08007030        0x0 load address 0x0c007030
 .rel.iplt      0x00000000        0x0 ./ext_lib/base.o

.eh_frame_hdr
 *(.eh_frame_hdr)

.eh_frame
 *(.eh_frame)

.ARM.extab
 *(.ARM.extab* .gnu.linkonce.armextab.*)
                0x08007030                . = ALIGN (0x4)
                0x08007030                __exidx_start = .

.ARM.exidx
 *(.ARM.exidx* .gnu.linkonce.armexidx.*)
                0x08007030                __exidx_end = .
                0x08007030                . = ALIGN (0x4)

Stack           0x1fffc000      0x800
                0x1fffc000                __stack_start = .
                0x1fffc800                . = (. + stack_size)
 *fill*         0x1fffc000      0x800 
                0x1fffc800                __stack_end = .
                0x1fffc800                __initial_sp = .

.ram_code       0x1fffc800        0x0 load address 0x0c007030
                0x1fffc800                . = ALIGN (0x4)
                0x1fffc800                __ram_code_start = .
 *(.ram_code)
                0x1fffc800                . = ALIGN (0x4)
                0x1fffc800                __ram_code_end = .
                0x0c007030                __ram_code_load = LOADADDR (.ram_code)
                0x00000000                __ram_code_size = (__ram_code_end - __ram_code_start)

.data           0x1fffc800      0x1c0 load address 0x0c007030
                0x1fffc800                . = ALIGN (0x4)
                0x1fffc800                __data_start = .
 *(.data)
 *(.data*)
 .data.SPI_MASTER_0_MOSI_Config
                0x1fffc800       0x14 ./Dave/Generated/SPI_MASTER/spi_master_conf.o
                0x1fffc800                SPI_MASTER_0_MOSI_Config
 .data.SPI_MASTER_0_Channel_Config
                0x1fffc814        0xc ./Dave/Generated/SPI_MASTER/spi_master_conf.o
                0x1fffc814                SPI_MASTER_0_Channel_Config
 .data.SPI_MASTER_0_runtime
                0x1fffc820       0x24 ./Dave/Generated/SPI_MASTER/spi_master_conf.o
                0x1fffc820                SPI_MASTER_0_runtime
 .data.SPI_MASTER_0
                0x1fffc844        0xc ./Dave/Generated/SPI_MASTER/spi_master_conf.o
                0x1fffc844                SPI_MASTER_0
 .data.PWM_CLAMP
                0x1fffc850       0x34 ./Dave/Generated/PWM/pwm_conf.o
                0x1fffc850                PWM_CLAMP
 .data.PWM_LIFT
                0x1fffc884       0x34 ./Dave/Generated/PWM/pwm_conf.o
                0x1fffc884                PWM_LIFT
 .data.PWM_ROTATE
                0x1fffc8b8       0x34 ./Dave/Generated/PWM/pwm_conf.o
                0x1fffc8b8                PWM_ROTATE
 .data.GLOBAL_CCU8_0
                0x1fffc8ec       0x10 ./Dave/Generated/GLOBAL_CCU8/global_ccu8_conf.o
                0x1fffc8ec                GLOBAL_CCU8_0
 .data.GLOBAL_CCU4_1
                0x1fffc8fc       0x10 ./Dave/Generated/GLOBAL_CCU4/global_ccu4_conf.o
                0x1fffc8fc                GLOBAL_CCU4_1
 .data.GLOBAL_CCU4_0
                0x1fffc90c       0x10 ./Dave/Generated/GLOBAL_CCU4/global_ccu4_conf.o
                0x1fffc90c                GLOBAL_CCU4_0
 .data.uxCriticalNesting
                0x1fffc91c        0x4 ./Dave/Generated/FREERTOS/portable/GCC/port.o
 .data.DIRECTION_BUS_IO
                0x1fffc920       0x14 ./Dave/Generated/BUS_IO/bus_io_conf.o
                0x1fffc920                DIRECTION_BUS_IO
 .data.CLAMP_BUS_IO
                0x1fffc934       0x14 ./Dave/Generated/BUS_IO/bus_io_conf.o
                0x1fffc934                CLAMP_BUS_IO
 .data.LED_BUS_IO
                0x1fffc948       0x14 ./Dave/Generated/BUS_IO/bus_io_conf.o
                0x1fffc948                LED_BUS_IO
 .data.impure_data
                0x1fffc95c       0x60 c:/users/forge-15r/dave-ide-4.4.2-64bit/eclipse/arm-gcc-49/bin/../lib/gcc/arm-none-eabi/4.9.3/../../../../arm-none-eabi/lib/armv7e-m/softfp\libg_nano.a(lib_a-impure.o)
 .data._impure_ptr
                0x1fffc9bc        0x4 c:/users/forge-15r/dave-ide-4.4.2-64bit/eclipse/arm-gcc-49/bin/../lib/gcc/arm-none-eabi/4.9.3/../../../../arm-none-eabi/lib/armv7e-m/softfp\libg_nano.a(lib_a-impure.o)
                0x1fffc9bc                _impure_ptr
 *(*.data)
 *(.gnu.linkonce.d*)
                0x1fffc9c0                . = ALIGN (0x4)
                0x1fffc9c0                PROVIDE (__preinit_array_start, .)
 *(.preinit_array)
                0x1fffc9c0                PROVIDE (__preinit_array_end, .)
                0x1fffc9c0                . = ALIGN (0x4)
                0x1fffc9c0                PROVIDE (__init_array_start, .)
 *(SORT(.init_array.*))
 *(.init_array)
                0x1fffc9c0                PROVIDE (__init_array_end, .)
                0x1fffc9c0                . = ALIGN (0x4)
                0x1fffc9c0                PROVIDE (__fini_array_start, .)
 *(SORT(.fini_array.*))
 *(.fini_array)
                0x1fffc9c0                PROVIDE (__fini_array_end, .)
                0x1fffc9c0                . = ALIGN (0x4)
                0x1fffc9c0                __data_end = .
                0x0c007030                __data_load = LOADADDR (.data)
                0x000001c0                __data_size = (__data_end - __data_start)
                0x000071f0                __text_size = (((__exidx_end - sText) + __data_size) + __ram_code_size)
                0x080071f0                eText = (sText + __text_size)

.igot.plt       0x1fffc9c0        0x0 load address 0x0c0071f0
 .igot.plt      0x00000000        0x0 ./ext_lib/base.o

.bss            0x1fffc9c0      0x21c load address 0x0c0071f0
                0x1fffc9c0                . = ALIGN (0x4)
                0x1fffc9c0                __bss_start = .
 *(.bss)
 *(.bss*)
 .bss.heap_ptr.4331
                0x1fffc9c0        0x4 ./Libraries/Newlib/syscalls.o
 .bss.SPI_MASTER_0_MISO_Config
                0x1fffc9c4       0x14 ./Dave/Generated/SPI_MASTER/spi_master_conf.o
                0x1fffc9c4                SPI_MASTER_0_MISO_Config
 .bss.ucMaxSysCallPriority
                0x1fffc9d8        0x1 ./Dave/Generated/FREERTOS/portable/GCC/port.o
 *fill*         0x1fffc9d9        0x3 
 .bss.ulMaxPRIGROUPValue
                0x1fffc9dc        0x4 ./Dave/Generated/FREERTOS/portable/GCC/port.o
 .bss.pxCurrentTCB
                0x1fffc9e0        0x4 ./Dave/Generated/FREERTOS/tasks.o
                0x1fffc9e0                pxCurrentTCB
 .bss.pxReadyTasksLists
                0x1fffc9e4       0x64 ./Dave/Generated/FREERTOS/tasks.o
 .bss.xDelayedTaskList1
                0x1fffca48       0x14 ./Dave/Generated/FREERTOS/tasks.o
 .bss.xDelayedTaskList2
                0x1fffca5c       0x14 ./Dave/Generated/FREERTOS/tasks.o
 .bss.pxDelayedTaskList
                0x1fffca70        0x4 ./Dave/Generated/FREERTOS/tasks.o
 .bss.pxOverflowDelayedTaskList
                0x1fffca74        0x4 ./Dave/Generated/FREERTOS/tasks.o
 .bss.xPendingReadyList
                0x1fffca78       0x14 ./Dave/Generated/FREERTOS/tasks.o
 .bss.xTasksWaitingTermination
                0x1fffca8c       0x14 ./Dave/Generated/FREERTOS/tasks.o
 .bss.uxDeletedTasksWaitingCleanUp
                0x1fffcaa0        0x4 ./Dave/Generated/FREERTOS/tasks.o
 .bss.xSuspendedTaskList
                0x1fffcaa4       0x14 ./Dave/Generated/FREERTOS/tasks.o
 .bss.uxCurrentNumberOfTasks
                0x1fffcab8        0x4 ./Dave/Generated/FREERTOS/tasks.o
 .bss.xTickCount
                0x1fffcabc        0x4 ./Dave/Generated/FREERTOS/tasks.o
 .bss.uxTopReadyPriority
                0x1fffcac0        0x4 ./Dave/Generated/FREERTOS/tasks.o
 .bss.xSchedulerRunning
                0x1fffcac4        0x4 ./Dave/Generated/FREERTOS/tasks.o
 .bss.uxPendedTicks
                0x1fffcac8        0x4 ./Dave/Generated/FREERTOS/tasks.o
 .bss.xYieldPending
                0x1fffcacc        0x4 ./Dave/Generated/FREERTOS/tasks.o
 .bss.xNumOfOverflows
                0x1fffcad0        0x4 ./Dave/Generated/FREERTOS/tasks.o
 .bss.uxTaskNumber
                0x1fffcad4        0x4 ./Dave/Generated/FREERTOS/tasks.o
 .bss.xNextTaskUnblockTime
                0x1fffcad8        0x4 ./Dave/Generated/FREERTOS/tasks.o
 .bss.xIdleTaskHandle
                0x1fffcadc        0x4 ./Dave/Generated/FREERTOS/tasks.o
 .bss.uxSchedulerSuspended
                0x1fffcae0        0x4 ./Dave/Generated/FREERTOS/tasks.o
 .bss.xActiveTimerList1
                0x1fffcae4       0x14 ./Dave/Generated/FREERTOS/timers.o
 .bss.xActiveTimerList2
                0x1fffcaf8       0x14 ./Dave/Generated/FREERTOS/timers.o
 .bss.pxCurrentTimerList
                0x1fffcb0c        0x4 ./Dave/Generated/FREERTOS/timers.o
 .bss.pxOverflowTimerList
                0x1fffcb10        0x4 ./Dave/Generated/FREERTOS/timers.o
 .bss.xTimerQueue
                0x1fffcb14        0x4 ./Dave/Generated/FREERTOS/timers.o
 .bss.xTimerTaskHandle
                0x1fffcb18        0x4 ./Dave/Generated/FREERTOS/timers.o
 .bss.xLastTime.7353
                0x1fffcb1c        0x4 ./Dave/Generated/FREERTOS/timers.o
 .bss.CLOCK_XMC4_0
                0x1fffcb20        0x4 ./Dave/Generated/CLOCK_XMC4/clock_xmc4_conf.o
                0x1fffcb20                CLOCK_XMC4_0
 .bss.FORWARD_Handle
                0x1fffcb24        0x4 ./main.o
                0x1fffcb24                FORWARD_Handle
 .bss.BACKWARD_Handle
                0x1fffcb28        0x4 ./main.o
                0x1fffcb28                BACKWARD_Handle
 .bss.LEFT_Handle
                0x1fffcb2c        0x4 ./main.o
                0x1fffcb2c                LEFT_Handle
 .bss.RIGHT_Handle
                0x1fffcb30        0x4 ./main.o
                0x1fffcb30                RIGHT_Handle
 .bss.UP_Handle
                0x1fffcb34        0x4 ./main.o
                0x1fffcb34                UP_Handle
 .bss.DOWN_Handle
                0x1fffcb38        0x4 ./main.o
                0x1fffcb38                DOWN_Handle
 .bss.OPEN_Handle
                0x1fffcb3c        0x4 ./main.o
                0x1fffcb3c                OPEN_Handle
 .bss.CLOSE_Handle
                0x1fffcb40        0x4 ./main.o
                0x1fffcb40                CLOSE_Handle
 .bss.HOLD_Handle
                0x1fffcb44        0x4 ./main.o
                0x1fffcb44                HOLD_Handle
 .bss.ROTATE_Handle
                0x1fffcb48        0x4 ./main.o
                0x1fffcb48                ROTATE_Handle
 .bss.DIRECTION_Handle
                0x1fffcb4c        0x4 ./main.o
                0x1fffcb4c                DIRECTION_Handle
 .bss.CLAMP_Handle
                0x1fffcb50        0x4 ./main.o
                0x1fffcb50                CLAMP_Handle
 .bss.__malloc_sbrk_start
                0x1fffcb54        0x4 c:/users/forge-15r/dave-ide-4.4.2-64bit/eclipse/arm-gcc-49/bin/../lib/gcc/arm-none-eabi/4.9.3/../../../../arm-none-eabi/lib/armv7e-m/softfp\libg_nano.a(lib_a-nano-mallocr.o)
                0x1fffcb54                __malloc_sbrk_start
 .bss.__malloc_free_list
                0x1fffcb58        0x4 c:/users/forge-15r/dave-ide-4.4.2-64bit/eclipse/arm-gcc-49/bin/../lib/gcc/arm-none-eabi/4.9.3/../../../../arm-none-eabi/lib/armv7e-m/softfp\libg_nano.a(lib_a-nano-mallocr.o)
                0x1fffcb58                __malloc_free_list
 *(COMMON)
 COMMON         0x1fffcb5c       0x40 ./Dave/Generated/FREERTOS/queue.o
                0x1fffcb5c                xQueueRegistry
 COMMON         0x1fffcb9c       0x3c ./main.o
                0x1fffcb9c                BACKWARD_interruptSemaphore
                0x1fffcba0                DOWN_interruptSemaphore
                0x1fffcba4                HOLD_interruptSemaphore
                0x1fffcba8                ROTATE_interruptSemaphore
                0x1fffcbac                LEFT_interruptSemaphore
                0x1fffcbb0                clamp_status
                0x1fffcbb4                OPEN_interruptSemaphore
                0x1fffcbb8                RIGHT_interruptSemaphore
                0x1fffcbbc                DIRECTION_interruptSemaphore
                0x1fffcbc0                pin_status
                0x1fffcbc4                direction_status
                0x1fffcbc8                UP_interruptSemaphore
                0x1fffcbcc                CLAMP_interruptSemaphore
                0x1fffcbd0                FORWARD_interruptSemaphore
                0x1fffcbd4                CLOSE_interruptSemaphore
 COMMON         0x1fffcbd8        0x4 c:/users/forge-15r/dave-ide-4.4.2-64bit/eclipse/arm-gcc-49/bin/../lib/gcc/arm-none-eabi/4.9.3/../../../../arm-none-eabi/lib/armv7e-m/softfp\libg_nano.a(lib_a-reent.o)
                0x1fffcbd8                errno
 *(.gnu.linkonce.b*)
                0x1fffcbdc                . = ALIGN (0x4)
                0x1fffcbdc                __bss_end = .
                0x0000021c                __bss_size = (__bss_end - __bss_start)
                0x00003424                __shift_loc = (__bss_end >= ORIGIN (DSRAM_1_system))?0x0:(ORIGIN (DSRAM_1_system) - __bss_end)

USB_RAM         0x20000000        0x0
                0x20000000                . = ALIGN (0x4)
                0x20000000                USB_RAM_start = .
 *(USB_RAM)
                0x20000000                . = ALIGN (0x4)
                0x20000000                USB_RAM_end = .
                0x20000000                . = ALIGN (0x8)
                0x20000000                Heap_Bank1_Start = .
                0x00000000                USB_RAM_size = (USB_RAM_end - USB_RAM_start)

.no_init        0x20005fc0       0x20
                0x20005fc0                Heap_Bank1_End = .
 *(.no_init)
 .no_init       0x20005fc0       0x20 ./Startup/system_XMC4200.o
                0x20005fc0                SystemCoreClock
                0x20005fc4                g_chipid
                0x20005fd4                g_hrpwm_char_data
                0x00005fc0                Heap_Bank1_Size = (Heap_Bank1_End - Heap_Bank1_Start)
                0x00000001                ASSERT ((Heap_Bank1_Start <= Heap_Bank1_End), region SRAM_combined overflowed no_init section)

/DISCARD/
 *(.comment)

.stab
 *(.stab)

.stabstr
 *(.stabstr)

.debug
 *(.debug)

.line
 *(.line)

.debug_srcinfo
 *(.debug_srcinfo)

.debug_sfnames
 *(.debug_sfnames)

.debug_aranges  0x00000000     0x1710
 *(.debug_aranges)
 .debug_aranges
                0x00000000       0x28 ./ext_lib/base.o
 .debug_aranges
                0x00000028       0xa0 ./ext_lib/tle94112el.o
 .debug_aranges
                0x000000c8       0x20 ./Startup/startup_XMC4200.o
 .debug_aranges
                0x000000e8       0x48 ./Startup/system_XMC4200.o
 .debug_aranges
                0x00000130       0x28 ./Libraries/XMCLib/src/xmc4_eru.o
 .debug_aranges
                0x00000158       0x28 ./Libraries/XMCLib/src/xmc4_gpio.o
 .debug_aranges
                0x00000180      0x428 ./Libraries/XMCLib/src/xmc4_scu.o
 .debug_aranges
                0x000005a8      0x138 ./Libraries/XMCLib/src/xmc_ccu4.o
 .debug_aranges
                0x000006e0      0x190 ./Libraries/XMCLib/src/xmc_ccu8.o
 .debug_aranges
                0x00000870       0x88 ./Libraries/XMCLib/src/xmc_eru.o
 .debug_aranges
                0x000008f8       0x28 ./Libraries/XMCLib/src/xmc_gpio.o
 .debug_aranges
                0x00000920       0x88 ./Libraries/XMCLib/src/xmc_spi.o
 .debug_aranges
                0x000009a8       0xb0 ./Libraries/XMCLib/src/xmc_usic.o
 .debug_aranges
                0x00000a58       0x28 ./Libraries/Newlib/syscalls.o
 .debug_aranges
                0x00000a80      0x180 ./Dave/Generated/SPI_MASTER/spi_master.o
 .debug_aranges
                0x00000c00       0xa8 ./Dave/Generated/SPI_MASTER/spi_master_conf.o
 .debug_aranges
                0x00000ca8      0x198 ./Dave/Generated/PWM/pwm.o
 .debug_aranges
                0x00000e40       0x18 ./Dave/Generated/PWM/pwm_conf.o
 .debug_aranges
                0x00000e58       0x60 ./Dave/Generated/PIN_INTERRUPT/pin_interrupt.o
 .debug_aranges
                0x00000eb8       0x18 ./Dave/Generated/PIN_INTERRUPT/pin_interrupt_conf.o
 .debug_aranges
                0x00000ed0       0x30 ./Dave/Generated/GLOBAL_CCU8/global_ccu8.o
 .debug_aranges
                0x00000f00       0x18 ./Dave/Generated/GLOBAL_CCU8/global_ccu8_conf.o
 .debug_aranges
                0x00000f18       0x30 ./Dave/Generated/GLOBAL_CCU4/global_ccu4.o
 .debug_aranges
                0x00000f48       0x18 ./Dave/Generated/GLOBAL_CCU4/global_ccu4_conf.o
 .debug_aranges
                0x00000f60       0x80 ./Dave/Generated/FREERTOS/portable/GCC/port.o
 .debug_aranges
                0x00000fe0       0x28 ./Dave/Generated/FREERTOS/heap.o
 .debug_aranges
                0x00001008       0x40 ./Dave/Generated/FREERTOS/list.o
 .debug_aranges
                0x00001048      0x170 ./Dave/Generated/FREERTOS/queue.o
 .debug_aranges
                0x000011b8      0x230 ./Dave/Generated/FREERTOS/tasks.o
 .debug_aranges
                0x000013e8       0xe0 ./Dave/Generated/FREERTOS/timers.o
 .debug_aranges
                0x000014c8       0x28 ./Dave/Generated/DIGITAL_IO/digital_io.o
 .debug_aranges
                0x000014f0       0x18 ./Dave/Generated/DIGITAL_IO/digital_io_conf.o
 .debug_aranges
                0x00001508       0x28 ./Dave/Generated/CPU_CTRL_XMC4/cpu_ctrl_xmc4_conf.o
 .debug_aranges
                0x00001530       0x38 ./Dave/Generated/CLOCK_XMC4/clock_xmc4.o
 .debug_aranges
                0x00001568       0x20 ./Dave/Generated/CLOCK_XMC4/clock_xmc4_conf.o
 .debug_aranges
                0x00001588       0x60 ./Dave/Generated/BUS_IO/bus_io.o
 .debug_aranges
                0x000015e8       0x18 ./Dave/Generated/BUS_IO/bus_io_conf.o
 .debug_aranges
                0x00001600       0x20 ./Dave/Generated/DAVE.o
 .debug_aranges
                0x00001620       0xf0 ./main.o

.debug_pubnames
 *(.debug_pubnames)

.debug_pubtypes
 *(.debug_pubtypes)

.debug_info     0x00000000    0x20bf0
 *(.debug_info .gnu.linkonce.wi.*)
 .debug_info    0x00000000      0x208 ./ext_lib/base.o
 .debug_info    0x00000208      0x753 ./ext_lib/tle94112el.o
 .debug_info    0x0000095b       0x86 ./Startup/startup_XMC4200.o
 .debug_info    0x000009e1      0xa06 ./Startup/system_XMC4200.o
 .debug_info    0x000013e7      0x5ba ./Libraries/XMCLib/src/xmc4_eru.o
 .debug_info    0x000019a1      0x4db ./Libraries/XMCLib/src/xmc4_gpio.o
 .debug_info    0x00001e7c     0x26b4 ./Libraries/XMCLib/src/xmc4_scu.o
 .debug_info    0x00004530     0x1701 ./Libraries/XMCLib/src/xmc_ccu4.o
 .debug_info    0x00005c31     0x1e2f ./Libraries/XMCLib/src/xmc_ccu8.o
 .debug_info    0x00007a60      0xb68 ./Libraries/XMCLib/src/xmc_eru.o
 .debug_info    0x000085c8      0x456 ./Libraries/XMCLib/src/xmc_gpio.o
 .debug_info    0x00008a1e      0xb4f ./Libraries/XMCLib/src/xmc_spi.o
 .debug_info    0x0000956d      0xe2d ./Libraries/XMCLib/src/xmc_usic.o
 .debug_info    0x0000a39a      0x11f ./Libraries/Newlib/syscalls.o
 .debug_info    0x0000a4b9     0x1d3e ./Dave/Generated/SPI_MASTER/spi_master.o
 .debug_info    0x0000c1f7     0x19bb ./Dave/Generated/SPI_MASTER/spi_master_conf.o
 .debug_info    0x0000dbb2     0x2004 ./Dave/Generated/PWM/pwm.o
 .debug_info    0x0000fbb6     0x1415 ./Dave/Generated/PWM/pwm_conf.o
 .debug_info    0x00010fcb     0x101f ./Dave/Generated/PIN_INTERRUPT/pin_interrupt.o
 .debug_info    0x00011fea      0xbb2 ./Dave/Generated/PIN_INTERRUPT/pin_interrupt_conf.o
 .debug_info    0x00012b9c      0x46e ./Dave/Generated/GLOBAL_CCU8/global_ccu8.o
 .debug_info    0x0001300a      0x36e ./Dave/Generated/GLOBAL_CCU8/global_ccu8_conf.o
 .debug_info    0x00013378      0x45f ./Dave/Generated/GLOBAL_CCU4/global_ccu4.o
 .debug_info    0x000137d7      0x371 ./Dave/Generated/GLOBAL_CCU4/global_ccu4_conf.o
 .debug_info    0x00013b48      0x653 ./Dave/Generated/FREERTOS/portable/GCC/port.o
 .debug_info    0x0001419b      0x1e6 ./Dave/Generated/FREERTOS/heap.o
 .debug_info    0x00014381      0x3c1 ./Dave/Generated/FREERTOS/list.o
 .debug_info    0x00014742     0x1c0a ./Dave/Generated/FREERTOS/queue.o
 .debug_info    0x0001634c     0x250d ./Dave/Generated/FREERTOS/tasks.o
 .debug_info    0x00018859      0xf9f ./Dave/Generated/FREERTOS/timers.o
 .debug_info    0x000197f8      0x595 ./Dave/Generated/DIGITAL_IO/digital_io.o
 .debug_info    0x00019d8d      0x518 ./Dave/Generated/DIGITAL_IO/digital_io_conf.o
 .debug_info    0x0001a2a5      0x52e ./Dave/Generated/CPU_CTRL_XMC4/cpu_ctrl_xmc4_conf.o
 .debug_info    0x0001a7d3      0x2dd ./Dave/Generated/CLOCK_XMC4/clock_xmc4.o
 .debug_info    0x0001aab0      0x43e ./Dave/Generated/CLOCK_XMC4/clock_xmc4_conf.o
 .debug_info    0x0001aeee      0x7ad ./Dave/Generated/BUS_IO/bus_io.o
 .debug_info    0x0001b69b      0x566 ./Dave/Generated/BUS_IO/bus_io_conf.o
 .debug_info    0x0001bc01     0x243e ./Dave/Generated/DAVE.o
 .debug_info    0x0001e03f     0x2bb1 ./main.o

.debug_abbrev   0x00000000     0x45a4
 *(.debug_abbrev)
 .debug_abbrev  0x00000000       0xe2 ./ext_lib/base.o
 .debug_abbrev  0x000000e2      0x152 ./ext_lib/tle94112el.o
 .debug_abbrev  0x00000234       0x14 ./Startup/startup_XMC4200.o
 .debug_abbrev  0x00000248      0x1f1 ./Startup/system_XMC4200.o
 .debug_abbrev  0x00000439      0x171 ./Libraries/XMCLib/src/xmc4_eru.o
 .debug_abbrev  0x000005aa      0x153 ./Libraries/XMCLib/src/xmc4_gpio.o
 .debug_abbrev  0x000006fd      0x2bf ./Libraries/XMCLib/src/xmc4_scu.o
 .debug_abbrev  0x000009bc      0x232 ./Libraries/XMCLib/src/xmc_ccu4.o
 .debug_abbrev  0x00000bee      0x254 ./Libraries/XMCLib/src/xmc_ccu8.o
 .debug_abbrev  0x00000e42      0x22f ./Libraries/XMCLib/src/xmc_eru.o
 .debug_abbrev  0x00001071      0x144 ./Libraries/XMCLib/src/xmc_gpio.o
 .debug_abbrev  0x000011b5      0x279 ./Libraries/XMCLib/src/xmc_spi.o
 .debug_abbrev  0x0000142e      0x24c ./Libraries/XMCLib/src/xmc_usic.o
 .debug_abbrev  0x0000167a       0xbd ./Libraries/Newlib/syscalls.o
 .debug_abbrev  0x00001737      0x287 ./Dave/Generated/SPI_MASTER/spi_master.o
 .debug_abbrev  0x000019be      0x27b ./Dave/Generated/SPI_MASTER/spi_master_conf.o
 .debug_abbrev  0x00001c39      0x293 ./Dave/Generated/PWM/pwm.o
 .debug_abbrev  0x00001ecc      0x1a8 ./Dave/Generated/PWM/pwm_conf.o
 .debug_abbrev  0x00002074      0x293 ./Dave/Generated/PIN_INTERRUPT/pin_interrupt.o
 .debug_abbrev  0x00002307      0x1a1 ./Dave/Generated/PIN_INTERRUPT/pin_interrupt_conf.o
 .debug_abbrev  0x000024a8      0x196 ./Dave/Generated/GLOBAL_CCU8/global_ccu8.o
 .debug_abbrev  0x0000263e      0x124 ./Dave/Generated/GLOBAL_CCU8/global_ccu8_conf.o
 .debug_abbrev  0x00002762      0x196 ./Dave/Generated/GLOBAL_CCU4/global_ccu4.o
 .debug_abbrev  0x000028f8      0x124 ./Dave/Generated/GLOBAL_CCU4/global_ccu4_conf.o
 .debug_abbrev  0x00002a1c      0x254 ./Dave/Generated/FREERTOS/portable/GCC/port.o
 .debug_abbrev  0x00002c70      0x112 ./Dave/Generated/FREERTOS/heap.o
 .debug_abbrev  0x00002d82      0x112 ./Dave/Generated/FREERTOS/list.o
 .debug_abbrev  0x00002e94      0x29d ./Dave/Generated/FREERTOS/queue.o
 .debug_abbrev  0x00003131      0x2d6 ./Dave/Generated/FREERTOS/tasks.o
 .debug_abbrev  0x00003407      0x263 ./Dave/Generated/FREERTOS/timers.o
 .debug_abbrev  0x0000366a      0x171 ./Dave/Generated/DIGITAL_IO/digital_io.o
 .debug_abbrev  0x000037db      0x126 ./Dave/Generated/DIGITAL_IO/digital_io_conf.o
 .debug_abbrev  0x00003901      0x1b4 ./Dave/Generated/CPU_CTRL_XMC4/cpu_ctrl_xmc4_conf.o
 .debug_abbrev  0x00003ab5      0x13d ./Dave/Generated/CLOCK_XMC4/clock_xmc4.o
 .debug_abbrev  0x00003bf2      0x134 ./Dave/Generated/CLOCK_XMC4/clock_xmc4_conf.o
 .debug_abbrev  0x00003d26      0x211 ./Dave/Generated/BUS_IO/bus_io.o
 .debug_abbrev  0x00003f37      0x126 ./Dave/Generated/BUS_IO/bus_io_conf.o
 .debug_abbrev  0x0000405d      0x209 ./Dave/Generated/DAVE.o
 .debug_abbrev  0x00004266      0x33e ./main.o

.debug_line     0x00000000     0xb050
 *(.debug_line)
 .debug_line    0x00000000      0x138 ./ext_lib/base.o
 .debug_line    0x00000138      0x2eb ./ext_lib/tle94112el.o
 .debug_line    0x00000423       0x87 ./Startup/startup_XMC4200.o
 .debug_line    0x000004aa      0x2f7 ./Startup/system_XMC4200.o
 .debug_line    0x000007a1      0x28e ./Libraries/XMCLib/src/xmc4_eru.o
 .debug_line    0x00000a2f      0x21e ./Libraries/XMCLib/src/xmc4_gpio.o
 .debug_line    0x00000c4d      0xf0d ./Libraries/XMCLib/src/xmc4_scu.o
 .debug_line    0x00001b5a      0x627 ./Libraries/XMCLib/src/xmc_ccu4.o
 .debug_line    0x00002181      0x715 ./Libraries/XMCLib/src/xmc_ccu8.o
 .debug_line    0x00002896      0x2e7 ./Libraries/XMCLib/src/xmc_eru.o
 .debug_line    0x00002b7d      0x212 ./Libraries/XMCLib/src/xmc_gpio.o
 .debug_line    0x00002d8f      0x3e0 ./Libraries/XMCLib/src/xmc_spi.o
 .debug_line    0x0000316f      0x502 ./Libraries/XMCLib/src/xmc_usic.o
 .debug_line    0x00003671       0xca ./Libraries/Newlib/syscalls.o
 .debug_line    0x0000373b      0x870 ./Dave/Generated/SPI_MASTER/spi_master.o
 .debug_line    0x00003fab      0x45d ./Dave/Generated/SPI_MASTER/spi_master_conf.o
 .debug_line    0x00004408      0x8eb ./Dave/Generated/PWM/pwm.o
 .debug_line    0x00004cf3      0x3a5 ./Dave/Generated/PWM/pwm_conf.o
 .debug_line    0x00005098      0x3e3 ./Dave/Generated/PIN_INTERRUPT/pin_interrupt.o
 .debug_line    0x0000547b      0x2a8 ./Dave/Generated/PIN_INTERRUPT/pin_interrupt_conf.o
 .debug_line    0x00005723      0x32c ./Dave/Generated/GLOBAL_CCU8/global_ccu8.o
 .debug_line    0x00005a4f      0x294 ./Dave/Generated/GLOBAL_CCU8/global_ccu8_conf.o
 .debug_line    0x00005ce3      0x32c ./Dave/Generated/GLOBAL_CCU4/global_ccu4.o
 .debug_line    0x0000600f      0x294 ./Dave/Generated/GLOBAL_CCU4/global_ccu4_conf.o
 .debug_line    0x000062a3      0x4f0 ./Dave/Generated/FREERTOS/portable/GCC/port.o
 .debug_line    0x00006793      0x214 ./Dave/Generated/FREERTOS/heap.o
 .debug_line    0x000069a7      0x241 ./Dave/Generated/FREERTOS/list.o
 .debug_line    0x00006be8      0xcef ./Dave/Generated/FREERTOS/queue.o
 .debug_line    0x000078d7     0x1084 ./Dave/Generated/FREERTOS/tasks.o
 .debug_line    0x0000895b      0x60c ./Dave/Generated/FREERTOS/timers.o
 .debug_line    0x00008f67      0x286 ./Dave/Generated/DIGITAL_IO/digital_io.o
 .debug_line    0x000091ed      0x206 ./Dave/Generated/DIGITAL_IO/digital_io_conf.o
 .debug_line    0x000093f3      0x27f ./Dave/Generated/CPU_CTRL_XMC4/cpu_ctrl_xmc4_conf.o
 .debug_line    0x00009672      0x2bc ./Dave/Generated/CLOCK_XMC4/clock_xmc4.o
 .debug_line    0x0000992e      0x291 ./Dave/Generated/CLOCK_XMC4/clock_xmc4_conf.o
 .debug_line    0x00009bbf      0x367 ./Dave/Generated/BUS_IO/bus_io.o
 .debug_line    0x00009f26      0x1fa ./Dave/Generated/BUS_IO/bus_io_conf.o
 .debug_line    0x0000a120      0x512 ./Dave/Generated/DAVE.o
 .debug_line    0x0000a632      0xa1e ./main.o

.debug_frame    0x00000000     0x625c
 *(.debug_frame)
 .debug_frame   0x00000000       0x60 ./ext_lib/base.o
 .debug_frame   0x00000060      0x2b8 ./ext_lib/tle94112el.o
 .debug_frame   0x00000318       0xec ./Startup/system_XMC4200.o
 .debug_frame   0x00000404       0x60 ./Libraries/XMCLib/src/xmc4_eru.o
 .debug_frame   0x00000464       0x60 ./Libraries/XMCLib/src/xmc4_gpio.o
 .debug_frame   0x000004c4     0x139c ./Libraries/XMCLib/src/xmc4_scu.o
 .debug_frame   0x00001860      0x5b0 ./Libraries/XMCLib/src/xmc_ccu4.o
 .debug_frame   0x00001e10      0x768 ./Libraries/XMCLib/src/xmc_ccu8.o
 .debug_frame   0x00002578      0x240 ./Libraries/XMCLib/src/xmc_eru.o
 .debug_frame   0x000027b8       0x60 ./Libraries/XMCLib/src/xmc_gpio.o
 .debug_frame   0x00002818      0x240 ./Libraries/XMCLib/src/xmc_spi.o
 .debug_frame   0x00002a58      0x308 ./Libraries/XMCLib/src/xmc_usic.o
 .debug_frame   0x00002d60       0x5c ./Libraries/Newlib/syscalls.o
 .debug_frame   0x00002dbc      0x71c ./Dave/Generated/SPI_MASTER/spi_master.o
 .debug_frame   0x000034d8      0x2c4 ./Dave/Generated/SPI_MASTER/spi_master_conf.o
 .debug_frame   0x0000379c      0x790 ./Dave/Generated/PWM/pwm.o
 .debug_frame   0x00003f2c      0x178 ./Dave/Generated/PIN_INTERRUPT/pin_interrupt.o
 .debug_frame   0x000040a4       0x88 ./Dave/Generated/GLOBAL_CCU8/global_ccu8.o
 .debug_frame   0x0000412c       0x88 ./Dave/Generated/GLOBAL_CCU4/global_ccu4.o
 .debug_frame   0x000041b4      0x1b4 ./Dave/Generated/FREERTOS/portable/GCC/port.o
 .debug_frame   0x00004368       0x60 ./Dave/Generated/FREERTOS/heap.o
 .debug_frame   0x000043c8       0xd8 ./Dave/Generated/FREERTOS/list.o
 .debug_frame   0x000044a0      0x6cc ./Dave/Generated/FREERTOS/queue.o
 .debug_frame   0x00004b6c      0xa78 ./Dave/Generated/FREERTOS/tasks.o
 .debug_frame   0x000055e4      0x3e4 ./Dave/Generated/FREERTOS/timers.o
 .debug_frame   0x000059c8       0x60 ./Dave/Generated/DIGITAL_IO/digital_io.o
 .debug_frame   0x00005a28       0x60 ./Dave/Generated/CPU_CTRL_XMC4/cpu_ctrl_xmc4_conf.o
 .debug_frame   0x00005a88       0xac ./Dave/Generated/CLOCK_XMC4/clock_xmc4.o
 .debug_frame   0x00005b34       0x3c ./Dave/Generated/CLOCK_XMC4/clock_xmc4_conf.o
 .debug_frame   0x00005b70      0x178 ./Dave/Generated/BUS_IO/bus_io.o
 .debug_frame   0x00005ce8       0x38 ./Dave/Generated/DAVE.o
 .debug_frame   0x00005d20      0x398 ./main.o
 .debug_frame   0x000060b8       0x20 c:/users/forge-15r/dave-ide-4.4.2-64bit/eclipse/arm-gcc-49/bin/../lib/gcc/arm-none-eabi/4.9.3/../../../../arm-none-eabi/lib/armv7e-m/softfp\libg_nano.a(lib_a-errno.o)
 .debug_frame   0x000060d8       0x2c c:/users/forge-15r/dave-ide-4.4.2-64bit/eclipse/arm-gcc-49/bin/../lib/gcc/arm-none-eabi/4.9.3/../../../../arm-none-eabi/lib/armv7e-m/softfp\libg_nano.a(lib_a-init.o)
 .debug_frame   0x00006104       0x30 c:/users/forge-15r/dave-ide-4.4.2-64bit/eclipse/arm-gcc-49/bin/../lib/gcc/arm-none-eabi/4.9.3/../../../../arm-none-eabi/lib/armv7e-m/softfp\libg_nano.a(lib_a-malloc.o)
 .debug_frame   0x00006134       0x28 c:/users/forge-15r/dave-ide-4.4.2-64bit/eclipse/arm-gcc-49/bin/../lib/gcc/arm-none-eabi/4.9.3/../../../../arm-none-eabi/lib/armv7e-m/softfp\libg_nano.a(lib_a-memcpy.o)
 .debug_frame   0x0000615c       0x20 c:/users/forge-15r/dave-ide-4.4.2-64bit/eclipse/arm-gcc-49/bin/../lib/gcc/arm-none-eabi/4.9.3/../../../../arm-none-eabi/lib/armv7e-m/softfp\libg_nano.a(lib_a-memset.o)
 .debug_frame   0x0000617c       0x2c c:/users/forge-15r/dave-ide-4.4.2-64bit/eclipse/arm-gcc-49/bin/../lib/gcc/arm-none-eabi/4.9.3/../../../../arm-none-eabi/lib/armv7e-m/softfp\libg_nano.a(lib_a-nano-freer.o)
 .debug_frame   0x000061a8       0x2c c:/users/forge-15r/dave-ide-4.4.2-64bit/eclipse/arm-gcc-49/bin/../lib/gcc/arm-none-eabi/4.9.3/../../../../arm-none-eabi/lib/armv7e-m/softfp\libg_nano.a(lib_a-nano-mallocr.o)
 .debug_frame   0x000061d4       0x2c c:/users/forge-15r/dave-ide-4.4.2-64bit/eclipse/arm-gcc-49/bin/../lib/gcc/arm-none-eabi/4.9.3/../../../../arm-none-eabi/lib/armv7e-m/softfp\libg_nano.a(lib_a-sbrkr.o)
 .debug_frame   0x00006200       0x5c c:/users/forge-15r/dave-ide-4.4.2-64bit/eclipse/arm-gcc-49/bin/../lib/gcc/arm-none-eabi/4.9.3/../../../../arm-none-eabi/lib/armv7e-m/softfp\libg_nano.a(lib_a-reent.o)

.debug_str      0x00000000     0xdc0e
 *(.debug_str)
 .debug_str     0x00000000      0x218 ./ext_lib/base.o
                                0x285 (size before relaxing)
 .debug_str     0x00000218      0x59f ./ext_lib/tle94112el.o
                                0x7d4 (size before relaxing)
 .debug_str     0x000007b7      0x444 ./Startup/system_XMC4200.o
                                0x642 (size before relaxing)
 .debug_str     0x00000bfb      0x4fa ./Libraries/XMCLib/src/xmc4_eru.o
                                0x785 (size before relaxing)
 .debug_str     0x000010f5      0x544 ./Libraries/XMCLib/src/xmc4_gpio.o
                                0x7e5 (size before relaxing)
 .debug_str     0x00001639     0x21a7 ./Libraries/XMCLib/src/xmc4_scu.o
                               0x2b82 (size before relaxing)
 .debug_str     0x000037e0     0x1518 ./Libraries/XMCLib/src/xmc_ccu4.o
                               0x1c7c (size before relaxing)
 .debug_str     0x00004cf8     0x1a1b ./Libraries/XMCLib/src/xmc_ccu8.o
                               0x23ca (size before relaxing)
 .debug_str     0x00006713      0x9c5 ./Libraries/XMCLib/src/xmc_eru.o
                                0xce9 (size before relaxing)
 .debug_str     0x000070d8       0xca ./Libraries/XMCLib/src/xmc_gpio.o
                                0x693 (size before relaxing)
 .debug_str     0x000071a2      0xadd ./Libraries/XMCLib/src/xmc_spi.o
                                0xdc7 (size before relaxing)
 .debug_str     0x00007c7f      0x9ed ./Libraries/XMCLib/src/xmc_usic.o
                               0x12ab (size before relaxing)
 .debug_str     0x0000866c       0x6f ./Libraries/Newlib/syscalls.o
                                0x221 (size before relaxing)
 .debug_str     0x000086db     0x13ae ./Dave/Generated/SPI_MASTER/spi_master.o
                               0x23c4 (size before relaxing)
 .debug_str     0x00009a89      0x6bc ./Dave/Generated/SPI_MASTER/spi_master_conf.o
                               0x23db (size before relaxing)
 .debug_str     0x0000a145      0x8fe ./Dave/Generated/PWM/pwm.o
                               0x1bde (size before relaxing)
 .debug_str     0x0000aa43      0x5a2 ./Dave/Generated/PWM/pwm_conf.o
                               0x1895 (size before relaxing)
 .debug_str     0x0000afe5      0x20c ./Dave/Generated/PIN_INTERRUPT/pin_interrupt.o
                               0x11ec (size before relaxing)
 .debug_str     0x0000b1f1       0x79 ./Dave/Generated/PIN_INTERRUPT/pin_interrupt_conf.o
                               0x11b0 (size before relaxing)
 .debug_str     0x0000b26a       0xb5 ./Dave/Generated/GLOBAL_CCU8/global_ccu8.o
                                0x5aa (size before relaxing)
 .debug_str     0x0000b31f       0x31 ./Dave/Generated/GLOBAL_CCU8/global_ccu8_conf.o
                                0x4be (size before relaxing)
 .debug_str     0x0000b350       0xb5 ./Dave/Generated/GLOBAL_CCU4/global_ccu4.o
                                0x5a4 (size before relaxing)
 .debug_str     0x0000b405       0x31 ./Dave/Generated/GLOBAL_CCU4/global_ccu4_conf.o
                                0x4c6 (size before relaxing)
 .debug_str     0x0000b436      0x281 ./Dave/Generated/FREERTOS/portable/GCC/port.o
                                0x505 (size before relaxing)
 .debug_str     0x0000b6b7       0x55 ./Dave/Generated/FREERTOS/heap.o
                                0x2ac (size before relaxing)
 .debug_str     0x0000b70c      0x13f ./Dave/Generated/FREERTOS/list.o
                                0x3b8 (size before relaxing)
 .debug_str     0x0000b84b      0x7d7 ./Dave/Generated/FREERTOS/queue.o
                                0xbaa (size before relaxing)
 .debug_str     0x0000c022      0xd8d ./Dave/Generated/FREERTOS/tasks.o
                               0x1286 (size before relaxing)
 .debug_str     0x0000cdaf      0x51f ./Dave/Generated/FREERTOS/timers.o
                                0x915 (size before relaxing)
 .debug_str     0x0000d2ce       0xd3 ./Dave/Generated/DIGITAL_IO/digital_io.o
                                0x922 (size before relaxing)
 .debug_str     0x0000d3a1       0x6d ./Dave/Generated/DIGITAL_IO/digital_io_conf.o
                                0x8a1 (size before relaxing)
 .debug_str     0x0000d40e       0x88 ./Dave/Generated/CPU_CTRL_XMC4/cpu_ctrl_xmc4_conf.o
                                0x425 (size before relaxing)
 .debug_str     0x0000d496       0xf3 ./Dave/Generated/CLOCK_XMC4/clock_xmc4.o
                                0x3d6 (size before relaxing)
 .debug_str     0x0000d589       0x50 ./Dave/Generated/CLOCK_XMC4/clock_xmc4_conf.o
                                0x7b6 (size before relaxing)
 .debug_str     0x0000d5d9      0x160 ./Dave/Generated/BUS_IO/bus_io.o
                                0x98e (size before relaxing)
 .debug_str     0x0000d739       0x94 ./Dave/Generated/BUS_IO/bus_io_conf.o
                                0x893 (size before relaxing)
 .debug_str     0x0000d7cd       0x65 ./Dave/Generated/DAVE.o
                               0x2568 (size before relaxing)
 .debug_str     0x0000d832      0x3dc ./main.o
                               0x2c60 (size before relaxing)

.debug_loc      0x00000000     0xc867
 *(.debug_loc)
 .debug_loc     0x00000000       0xa0 ./ext_lib/base.o
 .debug_loc     0x000000a0      0x58c ./ext_lib/tle94112el.o
 .debug_loc     0x0000062c      0x1a4 ./Startup/system_XMC4200.o
 .debug_loc     0x000007d0       0xa0 ./Libraries/XMCLib/src/xmc4_eru.o
 .debug_loc     0x00000870       0xb8 ./Libraries/XMCLib/src/xmc4_gpio.o
 .debug_loc     0x00000928     0x2948 ./Libraries/XMCLib/src/xmc4_scu.o
 .debug_loc     0x00003270      0xc90 ./Libraries/XMCLib/src/xmc_ccu4.o
 .debug_loc     0x00003f00     0x106c ./Libraries/XMCLib/src/xmc_ccu8.o
 .debug_loc     0x00004f6c      0x4f0 ./Libraries/XMCLib/src/xmc_eru.o
 .debug_loc     0x0000545c       0xb8 ./Libraries/XMCLib/src/xmc_gpio.o
 .debug_loc     0x00005514      0x4b6 ./Libraries/XMCLib/src/xmc_spi.o
 .debug_loc     0x000059ca      0x66a ./Libraries/XMCLib/src/xmc_usic.o
 .debug_loc     0x00006034       0x94 ./Libraries/Newlib/syscalls.o
 .debug_loc     0x000060c8      0xf24 ./Dave/Generated/SPI_MASTER/spi_master.o
 .debug_loc     0x00006fec      0x5b8 ./Dave/Generated/SPI_MASTER/spi_master_conf.o
 .debug_loc     0x000075a4     0x1014 ./Dave/Generated/PWM/pwm.o
 .debug_loc     0x000085b8      0x300 ./Dave/Generated/PIN_INTERRUPT/pin_interrupt.o
 .debug_loc     0x000088b8      0x108 ./Dave/Generated/GLOBAL_CCU8/global_ccu8.o
 .debug_loc     0x000089c0      0x108 ./Dave/Generated/GLOBAL_CCU4/global_ccu4.o
 .debug_loc     0x00008ac8      0x30c ./Dave/Generated/FREERTOS/portable/GCC/port.o
 .debug_loc     0x00008dd4       0xa0 ./Dave/Generated/FREERTOS/heap.o
 .debug_loc     0x00008e74      0x1cc ./Dave/Generated/FREERTOS/list.o
 .debug_loc     0x00009040      0xe00 ./Dave/Generated/FREERTOS/queue.o
 .debug_loc     0x00009e40     0x156a ./Dave/Generated/FREERTOS/tasks.o
 .debug_loc     0x0000b3aa      0x7e9 ./Dave/Generated/FREERTOS/timers.o
 .debug_loc     0x0000bb93       0xac ./Dave/Generated/DIGITAL_IO/digital_io.o
 .debug_loc     0x0000bc3f       0xac ./Dave/Generated/CPU_CTRL_XMC4/cpu_ctrl_xmc4_conf.o
 .debug_loc     0x0000bceb      0x14c ./Dave/Generated/CLOCK_XMC4/clock_xmc4.o
 .debug_loc     0x0000be37       0x50 ./Dave/Generated/CLOCK_XMC4/clock_xmc4_conf.o
 .debug_loc     0x0000be87      0x300 ./Dave/Generated/BUS_IO/bus_io.o
 .debug_loc     0x0000c187       0x50 ./Dave/Generated/DAVE.o
 .debug_loc     0x0000c1d7      0x690 ./main.o

.debug_macinfo
 *(.debug_macinfo)

.debug_ranges   0x00000000     0x1460
 *(.debug_ranges)
 .debug_ranges  0x00000000       0x18 ./ext_lib/base.o
 .debug_ranges  0x00000018       0x90 ./ext_lib/tle94112el.o
 .debug_ranges  0x000000a8       0x38 ./Startup/system_XMC4200.o
 .debug_ranges  0x000000e0       0x18 ./Libraries/XMCLib/src/xmc4_eru.o
 .debug_ranges  0x000000f8       0x18 ./Libraries/XMCLib/src/xmc4_gpio.o
 .debug_ranges  0x00000110      0x418 ./Libraries/XMCLib/src/xmc4_scu.o
 .debug_ranges  0x00000528      0x128 ./Libraries/XMCLib/src/xmc_ccu4.o
 .debug_ranges  0x00000650      0x180 ./Libraries/XMCLib/src/xmc_ccu8.o
 .debug_ranges  0x000007d0       0x78 ./Libraries/XMCLib/src/xmc_eru.o
 .debug_ranges  0x00000848       0x18 ./Libraries/XMCLib/src/xmc_gpio.o
 .debug_ranges  0x00000860       0x78 ./Libraries/XMCLib/src/xmc_spi.o
 .debug_ranges  0x000008d8       0xa0 ./Libraries/XMCLib/src/xmc_usic.o
 .debug_ranges  0x00000978       0x18 ./Libraries/Newlib/syscalls.o